../drivers/Src/stm32f446xx_usart_driver.c:13:6:USART_SetBaudRate	40	static
../drivers/Src/stm32f446xx_usart_driver.c:79:6:USART_Init	24	static
../drivers/Src/stm32f446xx_usart_driver.c:182:6:USART_PeripheralControl	16	static
../drivers/Src/stm32f446xx_usart_driver.c:199:6:USART_PeriClockControl	16	static
../drivers/Src/stm32f446xx_usart_driver.c:227:9:USART_GetFlagStatus	16	static
../drivers/Src/stm32f446xx_usart_driver.c:240:6:USART_SendData	32	static
../drivers/Src/stm32f446xx_usart_driver.c:292:6:USART_ReceiveData	32	static
../drivers/Src/stm32f446xx_usart_driver.c:356:9:USART_SendDataIT	32	static
../drivers/Src/stm32f446xx_usart_driver.c:383:9:USART_ReceiveDataIT	32	static
../drivers/Src/stm32f446xx_usart_driver.c:408:6:USART_ClearFlag	16	static
../drivers/Src/stm32f446xx_usart_driver.c:417:6:USART_IRQInterruptConfig	16	static
../drivers/Src/stm32f446xx_usart_driver.c:461:6:USART_IRQPriorityConfig	24	static
../drivers/Src/stm32f446xx_usart_driver.c:476:6:USART_IRQHandling	32	static
../drivers/Src/stm32f446xx_usart_driver.c:768:13:USART_ApplicationEventCallback	16	static
