Archive member included to satisfy reference by file (symbol)

E:/prog/STM32/STM32CubeIDE_1.18.1/STM32CubeIDE/plugins/com.st.stm32cube.ide.mcu.externaltools.gnu-tools-for-stm32.13.3.rel1.win32_1.0.0.202411081344/tools/bin/../lib/gcc/arm-none-eabi/13.3.1/../../../../arm-none-eabi/lib/thumb/v7e-m+fp/hard\libc.a(libc_a-exit.o)
                              E:/prog/STM32/STM32CubeIDE_1.18.1/STM32CubeIDE/plugins/com.st.stm32cube.ide.mcu.externaltools.gnu-tools-for-stm32.13.3.rel1.win32_1.0.0.202411081344/tools/bin/../lib/gcc/arm-none-eabi/13.3.1/../../../../arm-none-eabi/lib/thumb/v7e-m+fp/hard/crt0.o (exit)
E:/prog/STM32/STM32CubeIDE_1.18.1/STM32CubeIDE/plugins/com.st.stm32cube.ide.mcu.externaltools.gnu-tools-for-stm32.13.3.rel1.win32_1.0.0.202411081344/tools/bin/../lib/gcc/arm-none-eabi/13.3.1/../../../../arm-none-eabi/lib/thumb/v7e-m+fp/hard\libc.a(libc_a-findfp.o)
                              E:/prog/STM32/STM32CubeIDE_1.18.1/STM32CubeIDE/plugins/com.st.stm32cube.ide.mcu.externaltools.gnu-tools-for-stm32.13.3.rel1.win32_1.0.0.202411081344/tools/bin/../lib/gcc/arm-none-eabi/13.3.1/../../../../arm-none-eabi/lib/thumb/v7e-m+fp/hard\libc.a(libc_a-exit.o) (__stdio_exit_handler)
E:/prog/STM32/STM32CubeIDE_1.18.1/STM32CubeIDE/plugins/com.st.stm32cube.ide.mcu.externaltools.gnu-tools-for-stm32.13.3.rel1.win32_1.0.0.202411081344/tools/bin/../lib/gcc/arm-none-eabi/13.3.1/../../../../arm-none-eabi/lib/thumb/v7e-m+fp/hard\libc.a(libc_a-fwalk.o)
                              E:/prog/STM32/STM32CubeIDE_1.18.1/STM32CubeIDE/plugins/com.st.stm32cube.ide.mcu.externaltools.gnu-tools-for-stm32.13.3.rel1.win32_1.0.0.202411081344/tools/bin/../lib/gcc/arm-none-eabi/13.3.1/../../../../arm-none-eabi/lib/thumb/v7e-m+fp/hard\libc.a(libc_a-findfp.o) (_fwalk_sglue)
E:/prog/STM32/STM32CubeIDE_1.18.1/STM32CubeIDE/plugins/com.st.stm32cube.ide.mcu.externaltools.gnu-tools-for-stm32.13.3.rel1.win32_1.0.0.202411081344/tools/bin/../lib/gcc/arm-none-eabi/13.3.1/../../../../arm-none-eabi/lib/thumb/v7e-m+fp/hard\libc.a(libc_a-stdio.o)
                              E:/prog/STM32/STM32CubeIDE_1.18.1/STM32CubeIDE/plugins/com.st.stm32cube.ide.mcu.externaltools.gnu-tools-for-stm32.13.3.rel1.win32_1.0.0.202411081344/tools/bin/../lib/gcc/arm-none-eabi/13.3.1/../../../../arm-none-eabi/lib/thumb/v7e-m+fp/hard\libc.a(libc_a-findfp.o) (__sread)
E:/prog/STM32/STM32CubeIDE_1.18.1/STM32CubeIDE/plugins/com.st.stm32cube.ide.mcu.externaltools.gnu-tools-for-stm32.13.3.rel1.win32_1.0.0.202411081344/tools/bin/../lib/gcc/arm-none-eabi/13.3.1/../../../../arm-none-eabi/lib/thumb/v7e-m+fp/hard\libc.a(libc_a-memset.o)
                              E:/prog/STM32/STM32CubeIDE_1.18.1/STM32CubeIDE/plugins/com.st.stm32cube.ide.mcu.externaltools.gnu-tools-for-stm32.13.3.rel1.win32_1.0.0.202411081344/tools/bin/../lib/gcc/arm-none-eabi/13.3.1/../../../../arm-none-eabi/lib/thumb/v7e-m+fp/hard/crt0.o (memset)
E:/prog/STM32/STM32CubeIDE_1.18.1/STM32CubeIDE/plugins/com.st.stm32cube.ide.mcu.externaltools.gnu-tools-for-stm32.13.3.rel1.win32_1.0.0.202411081344/tools/bin/../lib/gcc/arm-none-eabi/13.3.1/../../../../arm-none-eabi/lib/thumb/v7e-m+fp/hard\libc.a(libc_a-closer.o)
                              E:/prog/STM32/STM32CubeIDE_1.18.1/STM32CubeIDE/plugins/com.st.stm32cube.ide.mcu.externaltools.gnu-tools-for-stm32.13.3.rel1.win32_1.0.0.202411081344/tools/bin/../lib/gcc/arm-none-eabi/13.3.1/../../../../arm-none-eabi/lib/thumb/v7e-m+fp/hard\libc.a(libc_a-stdio.o) (_close_r)
E:/prog/STM32/STM32CubeIDE_1.18.1/STM32CubeIDE/plugins/com.st.stm32cube.ide.mcu.externaltools.gnu-tools-for-stm32.13.3.rel1.win32_1.0.0.202411081344/tools/bin/../lib/gcc/arm-none-eabi/13.3.1/../../../../arm-none-eabi/lib/thumb/v7e-m+fp/hard\libc.a(libc_a-reent.o)
                              E:/prog/STM32/STM32CubeIDE_1.18.1/STM32CubeIDE/plugins/com.st.stm32cube.ide.mcu.externaltools.gnu-tools-for-stm32.13.3.rel1.win32_1.0.0.202411081344/tools/bin/../lib/gcc/arm-none-eabi/13.3.1/../../../../arm-none-eabi/lib/thumb/v7e-m+fp/hard\libc.a(libc_a-closer.o) (errno)
E:/prog/STM32/STM32CubeIDE_1.18.1/STM32CubeIDE/plugins/com.st.stm32cube.ide.mcu.externaltools.gnu-tools-for-stm32.13.3.rel1.win32_1.0.0.202411081344/tools/bin/../lib/gcc/arm-none-eabi/13.3.1/../../../../arm-none-eabi/lib/thumb/v7e-m+fp/hard\libc.a(libc_a-impure.o)
                              E:/prog/STM32/STM32CubeIDE_1.18.1/STM32CubeIDE/plugins/com.st.stm32cube.ide.mcu.externaltools.gnu-tools-for-stm32.13.3.rel1.win32_1.0.0.202411081344/tools/bin/../lib/gcc/arm-none-eabi/13.3.1/../../../../arm-none-eabi/lib/thumb/v7e-m+fp/hard\libc.a(libc_a-reent.o) (_impure_ptr)
E:/prog/STM32/STM32CubeIDE_1.18.1/STM32CubeIDE/plugins/com.st.stm32cube.ide.mcu.externaltools.gnu-tools-for-stm32.13.3.rel1.win32_1.0.0.202411081344/tools/bin/../lib/gcc/arm-none-eabi/13.3.1/../../../../arm-none-eabi/lib/thumb/v7e-m+fp/hard\libc.a(libc_a-lseekr.o)
[...]
Memory Configuration

Name             Origin             Length             Attributes
RAM              0x20000000         0x00020000         xrw
FLASH            0x08000000         0x00080000         xr
*default*        0x00000000         0xffffffff

Linker script and memory map

LOAD E:/prog/STM32/STM32CubeIDE_1.18.1/STM32CubeIDE/plugins/com.st.stm32cube.ide.mcu.externaltools.gnu-tools-for-stm32.13.3.rel1.win32_1.0.0.202411081344/tools/bin/../lib/gcc/arm-none-eabi/13.3.1/thumb/v7e-m+fp/hard/crti.o
LOAD E:/prog/STM32/STM32CubeIDE_1.18.1/STM32CubeIDE/plugins/com.st.stm32cube.ide.mcu.externaltools.gnu-tools-for-stm32.13.3.rel1.win32_1.0.0.202411081344/tools/bin/../lib/gcc/arm-none-eabi/13.3.1/thumb/v7e-m+fp/hard/crtbegin.o
LOAD E:/prog/STM32/STM32CubeIDE_1.18.1/STM32CubeIDE/plugins/com.st.stm32cube.ide.mcu.externaltools.gnu-tools-for-stm32.13.3.rel1.win32_1.0.0.202411081344/tools/bin/../lib/gcc/arm-none-eabi/13.3.1/../../../../arm-none-eabi/lib/thumb/v7e-m+fp/hard/crt0.o
LOAD ./Src/006spi_tx_testing.o
LOAD ./Startup/startup_stm32f446retx.o
LOAD ./drivers/Src/stm32f446xx_gpio_driver.o
LOAD ./drivers/Src/stm32f446xx_spi_driver.o
START GROUP
LOAD E:/prog/STM32/STM32CubeIDE_1.18.1/STM32CubeIDE/plugins/com.st.stm32cube.ide.mcu.externaltools.gnu-tools-for-stm32.13.3.rel1.win32_1.0.0.202411081344/tools/bin/../lib/gcc/arm-none-eabi/13.3.1/../../../../arm-none-eabi/lib/thumb/v7e-m+fp/hard\libc.a
LOAD E:/prog/STM32/STM32CubeIDE_1.18.1/STM32CubeIDE/plugins/com.st.stm32cube.ide.mcu.externaltools.gnu-tools-for-stm32.13.3.rel1.win32_1.0.0.202411081344/tools/bin/../lib/gcc/arm-none-eabi/13.3.1/../../../../arm-none-eabi/lib/thumb/v7e-m+fp/hard\libm.a
END GROUP
LOAD E:/prog/STM32/STM32CubeIDE_1.18.1/STM32CubeIDE/plugins/com.st.stm32cube.ide.mcu.externaltools.gnu-tools-for-stm32.13.3.rel1.win32_1.0.0.202411081344/tools/bin/../lib/gcc/arm-none-eabi/13.3.1/thumb/v7e-m+fp/hard/crtend.o
LOAD E:/prog/STM32/STM32CubeIDE_1.18.1/STM32CubeIDE/plugins/com.st.stm32cube.ide.mcu.externaltools.gnu-tools-for-stm32.13.3.rel1.win32_1.0.0.202411081344/tools/bin/../lib/gcc/arm-none-eabi/13.3.1/thumb/v7e-m+fp/hard/crtn.o
                0x20020000                        _estack = (ORIGIN (RAM) + LENGTH (RAM))
                0x00000200                        _Min_Heap_Size = 0x200
                0x00000400                        _Min_Stack_Size = 0x400

.isr_vector     0x08000000      0x1c4
                0x08000000                        . = ALIGN (0x4)
 *(.isr_vector)
 .isr_vector    0x08000000      0x1c4 ./Startup/startup_stm32f446retx.o
                0x08000000                g_pfnVectors
                0x080001c4                        . = ALIGN (0x4)

.text           0x080001c4      0x960
                0x080001c4                        . = ALIGN (0x4)
 *(.text)
 .text          0x080001c4       0x40 E:/prog/STM32/STM32CubeIDE_1.18.1/STM32CubeIDE/plugins/com.st.stm32cube.ide.mcu.externaltools.gnu-tools-for-stm32.13.3.rel1.win32_1.0.0.202411081344/tools/bin/../lib/gcc/arm-none-eabi/13.3.1/thumb/v7e-m+fp/hard/crtbegin.o
 .text          0x08000204       0x10 E:/prog/STM32/STM32CubeIDE_1.18.1/STM32CubeIDE/plugins/com.st.stm32cube.ide.mcu.externaltools.gnu-tools-for-stm32.13.3.rel1.win32_1.0.0.202411081344/tools/bin/../lib/gcc/arm-none-eabi/13.3.1/../../../../arm-none-eabi/lib/thumb/v7e-m+fp/hard\libc.a(libc_a-strlen.o)
                0x08000204                strlen
 *(.text*)
 .text.SPI2_GPIOInits
                0x08000214       0x4c ./Src/006spi_tx_testing.o
                0x08000214                SPI2_GPIOInits
 .text.SPI2_Inits
                0x08000260       0x3c ./Src/006spi_tx_testing.o
                0x08000260                SPI2_Inits
 .text.main     0x0800029c       0x60 ./Src/006spi_tx_testing.o
                0x0800029c                main
 .text.Reset_Handler
                0x080002fc       0x50 ./Startup/startup_stm32f446retx.o
                0x080002fc                Reset_Handler
 .text.Default_Handler
                0x0800034c        0x2 ./Startup/startup_stm32f446retx.o
                0x0800034c                RTC_Alarm_IRQHandler
                0x0800034c                EXTI2_IRQHandler
                0x0800034c                TIM8_CC_IRQHandler
                0x0800034c                SPDIF_Rx_IRQHandler
                0x0800034c                DebugMon_Handler
                0x0800034c                SPI4_IRQHandler
                0x0800034c                TIM1_CC_IRQHandler
                0x0800034c                QuadSPI_IRQHandler
                0x0800034c                DMA2_Stream5_IRQHandler
                0x0800034c                HardFault_Handler
                0x0800034c                DMA1_Stream5_IRQHandler
                0x0800034c                SysTick_Handler
                0x0800034c                PVD_IRQHandler
                0x0800034c                SDIO_IRQHandler
                0x0800034c                TAMP_STAMP_IRQHandler
                0x0800034c                PendSV_Handler
                0x0800034c                NMI_Handler
                0x0800034c                CAN2_RX1_IRQHandler
                0x0800034c                EXTI3_IRQHandler
                0x0800034c                TIM8_TRG_COM_TIM14_IRQHandler
                0x0800034c                TIM1_UP_TIM10_IRQHandler
                0x0800034c                FMPI2C1_error_IRQHandler
                0x0800034c                TIM8_UP_TIM13_IRQHandler
                0x0800034c                I2C3_ER_IRQHandler
                0x0800034c                EXTI0_IRQHandler
                0x0800034c                I2C2_EV_IRQHandler
                0x0800034c                DMA1_Stream2_IRQHandler
                0x0800034c                CAN1_RX0_IRQHandler
                0x0800034c                OTG_HS_WKUP_IRQHandler
                0x0800034c                UsageFault_Handler
                0x0800034c                CAN2_SCE_IRQHandler
                0x0800034c                DMA2_Stream2_IRQHandler
                0x0800034c                SPI1_IRQHandler
                0x0800034c                TIM6_DAC_IRQHandler
                0x0800034c                TIM1_BRK_TIM9_IRQHandler
                0x0800034c                DCMI_IRQHandler
                0x0800034c                CAN2_RX0_IRQHandler
                0x0800034c                DMA2_Stream3_IRQHandler
                0x0800034c                FMPI2C1_IRQHandler
                0x0800034c                SAI2_IRQHandler
                0x0800034c                USART6_IRQHandler
                0x0800034c                USART3_IRQHandler
                0x0800034c                CAN1_RX1_IRQHandler
                0x0800034c                UART5_IRQHandler
                0x0800034c                DMA2_Stream0_IRQHandler
                0x0800034c                TIM4_IRQHandler
                0x0800034c                I2C1_EV_IRQHandler
                0x0800034c                HDMI_CEC_IRQHandler
                0x0800034c                DMA1_Stream6_IRQHandler
                0x0800034c                DMA1_Stream1_IRQHandler
                0x0800034c                UART4_IRQHandler
                0x0800034c                TIM3_IRQHandler
                0x0800034c                RCC_IRQHandler
                0x0800034c                TIM8_BRK_TIM12_IRQHandler
                0x0800034c                Default_Handler
                0x0800034c                EXTI15_10_IRQHandler
                0x0800034c                ADC_IRQHandler
                0x0800034c                DMA1_Stream7_IRQHandler
                0x0800034c                TIM7_IRQHandler
                0x0800034c                CAN2_TX_IRQHandler
                0x0800034c                TIM5_IRQHandler
                0x0800034c                DMA2_Stream7_IRQHandler
                0x0800034c                I2C3_EV_IRQHandler
                0x0800034c                EXTI9_5_IRQHandler
                0x0800034c                RTC_WKUP_IRQHandler
                0x0800034c                SPI2_IRQHandler
                0x0800034c                OTG_HS_EP1_IN_IRQHandler
                0x0800034c                MemManage_Handler
                0x0800034c                DMA1_Stream0_IRQHandler
                0x0800034c                CAN1_TX_IRQHandler
                0x0800034c                SVC_Handler
                0x0800034c                EXTI4_IRQHandler
                0x0800034c                OTG_HS_EP1_OUT_IRQHandler
                0x0800034c                WWDG_IRQHandler
                0x0800034c                TIM2_IRQHandler
                0x0800034c                OTG_FS_WKUP_IRQHandler
                0x0800034c                TIM1_TRG_COM_TIM11_IRQHandler
                0x0800034c                OTG_HS_IRQHandler
                0x0800034c                EXTI1_IRQHandler
                0x0800034c                USART2_IRQHandler
                0x0800034c                I2C2_ER_IRQHandler
                0x0800034c                DMA2_Stream1_IRQHandler
                0x0800034c                CAN1_SCE_IRQHandler
                0x0800034c                FLASH_IRQHandler
                0x0800034c                DMA2_Stream4_IRQHandler
                0x0800034c                BusFault_Handler
                0x0800034c                USART1_IRQHandler
                0x0800034c                OTG_FS_IRQHandler
                0x0800034c                SPI3_IRQHandler
                0x0800034c                DMA1_Stream4_IRQHandler
                0x0800034c                I2C1_ER_IRQHandler
                0x0800034c                FMC_IRQHandler
                0x0800034c                DMA2_Stream6_IRQHandler
                0x0800034c                SAI1_IRQHandler
                0x0800034c                DMA1_Stream3_IRQHandler
 *fill*         0x0800034e        0x2 
 .text.GPIO_PeriClockControl
                0x08000350       0xf0 ./drivers/Src/stm32f446xx_gpio_driver.o
                0x08000350                GPIO_PeriClockControl
 .text.GPIO_Init
                0x08000440      0x324 ./drivers/Src/stm32f446xx_gpio_driver.o
                0x08000440                GPIO_Init
 .text.SPI_PeriClockControl
                0x08000764       0xe0 ./drivers/Src/stm32f446xx_spi_driver.o
                0x08000764                SPI_PeriClockControl
 .text.SPI_Init
                0x08000844       0xac ./drivers/Src/stm32f446xx_spi_driver.o
                0x08000844                SPI_Init
 .text.SPI_GetFlagStatus
                0x080008f0       0x28 ./drivers/Src/stm32f446xx_spi_driver.o
                0x080008f0                SPI_GetFlagStatus
 .text.SPI_SendData
                0x08000918       0x6e ./drivers/Src/stm32f446xx_spi_driver.o
                0x08000918                SPI_SendData
 .text.SPI_PeripheralControl
                0x08000986       0x38 ./drivers/Src/stm32f446xx_spi_driver.o
                0x08000986                SPI_PeripheralControl
 .text.SPI_SSIConfig
                0x080009be       0x38 ./drivers/Src/stm32f446xx_spi_driver.o
                0x080009be                SPI_SSIConfig
 *fill*         0x080009f6        0x2 
 .text.__libc_init_array
                0x080009f8       0x48 E:/prog/STM32/STM32CubeIDE_1.18.1/STM32CubeIDE/plugins/com.st.stm32cube.ide.mcu.externaltools.gnu-tools-for-stm32.13.3.rel1.win32_1.0.0.202411081344/tools/bin/../lib/gcc/arm-none-eabi/13.3.1/../../../../arm-none-eabi/lib/thumb/v7e-m+fp/hard\libc.a(libc_a-init.o)
                0x080009f8                __libc_init_array
 .text.__retarget_lock_acquire_recursive
                0x08000a40        0x2 E:/prog/STM32/STM32CubeIDE_1.18.1/STM32CubeIDE/plugins/com.st.stm32cube.ide.mcu.externaltools.gnu-tools-for-stm32.13.3.rel1.win32_1.0.0.202411081344/tools/bin/../lib/gcc/arm-none-eabi/13.3.1/../../../../arm-none-eabi/lib/thumb/v7e-m+fp/hard\libc.a(libc_a-lock.o)
                0x08000a40                __retarget_lock_acquire_recursive
 .text.__retarget_lock_release_recursive
                0x08000a42        0x2 E:/prog/STM32/STM32CubeIDE_1.18.1/STM32CubeIDE/plugins/com.st.stm32cube.ide.mcu.externaltools.gnu-tools-for-stm32.13.3.rel1.win32_1.0.0.202411081344/tools/bin/../lib/gcc/arm-none-eabi/13.3.1/../../../../arm-none-eabi/lib/thumb/v7e-m+fp/hard\libc.a(libc_a-lock.o)
                0x08000a42                __retarget_lock_release_recursive
 .text.startup.register_fini
                0x08000a44       0x14 E:/prog/STM32/STM32CubeIDE_1.18.1/STM32CubeIDE/plugins/com.st.stm32cube.ide.mcu.externaltools.gnu-tools-for-stm32.13.3.rel1.win32_1.0.0.202411081344/tools/bin/../lib/gcc/arm-none-eabi/13.3.1/../../../../arm-none-eabi/lib/thumb/v7e-m+fp/hard\libc.a(libc_a-__call_atexit.o)
 .text.atexit   0x08000a58        0xc E:/prog/STM32/STM32CubeIDE_1.18.1/STM32CubeIDE/plugins/com.st.stm32cube.ide.mcu.externaltools.gnu-tools-for-stm32.13.3.rel1.win32_1.0.0.202411081344/tools/bin/../lib/gcc/arm-none-eabi/13.3.1/../../../../arm-none-eabi/lib/thumb/v7e-m+fp/hard\libc.a(libc_a-atexit.o)
                0x08000a58                atexit
 .text.__libc_fini_array
                0x08000a64       0x28 E:/prog/STM32/STM32CubeIDE_1.18.1/STM32CubeIDE/plugins/com.st.stm32cube.ide.mcu.externaltools.gnu-tools-for-stm32.13.3.rel1.win32_1.0.0.202411081344/tools/bin/../lib/gcc/arm-none-eabi/13.3.1/../../../../arm-none-eabi/lib/thumb/v7e-m+fp/hard\libc.a(libc_a-fini.o)
                0x08000a64                __libc_fini_array
 .text.__register_exitproc
                0x08000a8c       0x80 E:/prog/STM32/STM32CubeIDE_1.18.1/STM32CubeIDE/plugins/com.st.stm32cube.ide.mcu.externaltools.gnu-tools-for-stm32.13.3.rel1.win32_1.0.0.202411081344/tools/bin/../lib/gcc/arm-none-eabi/13.3.1/../../../../arm-none-eabi/lib/thumb/v7e-m+fp/hard\libc.a(libc_a-__atexit.o)
                0x08000a8c                __register_exitproc
 *(.glue_7)
 .glue_7        0x08000b0c        0x0 linker stubs
 *(.glue_7t)
 .glue_7t       0x08000b0c        0x0 linker stubs
 *(.eh_frame)
 .eh_frame      0x08000b0c        0x0 E:/prog/STM32/STM32CubeIDE_1.18.1/STM32CubeIDE/plugins/com.st.stm32cube.ide.mcu.externaltools.gnu-tools-for-stm32.13.3.rel1.win32_1.0.0.202411081344/tools/bin/../lib/gcc/arm-none-eabi/13.3.1/thumb/v7e-m+fp/hard/crtbegin.o
 *(.init)
 .init          0x08000b0c        0x4 E:/prog/STM32/STM32CubeIDE_1.18.1/STM32CubeIDE/plugins/com.st.stm32cube.ide.mcu.externaltools.gnu-tools-for-stm32.13.3.rel1.win32_1.0.0.202411081344/tools/bin/../lib/gcc/arm-none-eabi/13.3.1/thumb/v7e-m+fp/hard/crti.o
                0x08000b0c                _init
 .init          0x08000b10        0x8 E:/prog/STM32/STM32CubeIDE_1.18.1/STM32CubeIDE/plugins/com.st.stm32cube.ide.mcu.externaltools.gnu-tools-for-stm32.13.3.rel1.win32_1.0.0.202411081344/tools/bin/../lib/gcc/arm-none-eabi/13.3.1/thumb/v7e-m+fp/hard/crtn.o
 *(.fini)
 .fini          0x08000b18        0x4 E:/prog/STM32/STM32CubeIDE_1.18.1/STM32CubeIDE/plugins/com.st.stm32cube.ide.mcu.externaltools.gnu-tools-for-stm32.13.3.rel1.win32_1.0.0.202411081344/tools/bin/../lib/gcc/arm-none-eabi/13.3.1/thumb/v7e-m+fp/hard/crti.o
                0x08000b18                _fini
 .fini          0x08000b1c        0x8 E:/prog/STM32/STM32CubeIDE_1.18.1/STM32CubeIDE/plugins/com.st.stm32cube.ide.mcu.externaltools.gnu-tools-for-stm32.13.3.rel1.win32_1.0.0.202411081344/tools/bin/../lib/gcc/arm-none-eabi/13.3.1/thumb/v7e-m+fp/hard/crtn.o
                0x08000b24                        . = ALIGN (0x4)
                0x08000b24                        _etext = .

.vfp11_veneer   0x08000b24        0x0
 .vfp11_veneer  0x08000b24        0x0 linker stubs

.v4_bx          0x08000b24        0x0
 .v4_bx         0x08000b24        0x0 linker stubs

.iplt           0x08000b24        0x0
 .iplt          0x08000b24        0x0 E:/prog/STM32/STM32CubeIDE_1.18.1/STM32CubeIDE/plugins/com.st.stm32cube.ide.mcu.externaltools.gnu-tools-for-stm32.13.3.rel1.win32_1.0.0.202411081344/tools/bin/../lib/gcc/arm-none-eabi/13.3.1/thumb/v7e-m+fp/hard/crtbegin.o

.rodata         0x08000b24        0xc
                0x08000b24                        . = ALIGN (0x4)
 *(.rodata)
 .rodata        0x08000b24        0xc ./Src/006spi_tx_testing.o
 *(.rodata*)
                0x08000b30                        . = ALIGN (0x4)

.ARM.extab      0x08000b30        0x0
                0x08000b30                        . = ALIGN (0x4)
 *(.ARM.extab* .gnu.linkonce.armextab.*)
                0x08000b30                        . = ALIGN (0x4)

.ARM            0x08000b30        0x8
                0x08000b30                        . = ALIGN (0x4)
                0x08000b30                        __exidx_start = .
 *(.ARM.exidx*)
 .ARM.exidx     0x08000b30        0x8 E:/prog/STM32/STM32CubeIDE_1.18.1/STM32CubeIDE/plugins/com.st.stm32cube.ide.mcu.externaltools.gnu-tools-for-stm32.13.3.rel1.win32_1.0.0.202411081344/tools/bin/../lib/gcc/arm-none-eabi/13.3.1/../../../../arm-none-eabi/lib/thumb/v7e-m+fp/hard\libc.a(libc_a-strlen.o)
                0x08000b38                        __exidx_end = .
                0x08000b38                        . = ALIGN (0x4)

.preinit_array  0x08000b38        0x0
                0x08000b38                        . = ALIGN (0x4)
                0x08000b38                        PROVIDE (__preinit_array_start = .)
 *(.preinit_array*)
                0x08000b38                        PROVIDE (__preinit_array_end = .)
                0x08000b38                        . = ALIGN (0x4)

.init_array     0x08000b38        0x8
                0x08000b38                        . = ALIGN (0x4)
                0x08000b38                        PROVIDE (__init_array_start = .)
 *(SORT_BY_NAME(.init_array.*))
 .init_array.00000
                0x08000b38        0x4 E:/prog/STM32/STM32CubeIDE_1.18.1/STM32CubeIDE/plugins/com.st.stm32cube.ide.mcu.externaltools.gnu-tools-for-stm32.13.3.rel1.win32_1.0.0.202411081344/tools/bin/../lib/gcc/arm-none-eabi/13.3.1/../../../../arm-none-eabi/lib/thumb/v7e-m+fp/hard\libc.a(libc_a-__call_atexit.o)
 *(.init_array*)
 .init_array    0x08000b3c        0x4 E:/prog/STM32/STM32CubeIDE_1.18.1/STM32CubeIDE/plugins/com.st.stm32cube.ide.mcu.externaltools.gnu-tools-for-stm32.13.3.rel1.win32_1.0.0.202411081344/tools/bin/../lib/gcc/arm-none-eabi/13.3.1/thumb/v7e-m+fp/hard/crtbegin.o
                0x08000b40                        PROVIDE (__init_array_end = .)
                0x08000b40                        . = ALIGN (0x4)

.fini_array     0x08000b40        0x4
                0x08000b40                        . = ALIGN (0x4)
                0x08000b40                        PROVIDE (__fini_array_start = .)
 *(SORT_BY_NAME(.fini_array.*))
 *(.fini_array*)
 .fini_array    0x08000b40        0x4 E:/prog/STM32/STM32CubeIDE_1.18.1/STM32CubeIDE/plugins/com.st.stm32cube.ide.mcu.externaltools.gnu-tools-for-stm32.13.3.rel1.win32_1.0.0.202411081344/tools/bin/../lib/gcc/arm-none-eabi/13.3.1/thumb/v7e-m+fp/hard/crtbegin.o
                0x08000b44                        PROVIDE (__fini_array_end = .)
                0x08000b44                        . = ALIGN (0x4)
                0x08000b44                        _sidata = LOADADDR (.data)

.rel.dyn        0x08000b44        0x0
 .rel.iplt      0x08000b44        0x0 E:/prog/STM32/STM32CubeIDE_1.18.1/STM32CubeIDE/plugins/com.st.stm32cube.ide.mcu.externaltools.gnu-tools-for-stm32.13.3.rel1.win32_1.0.0.202411081344/tools/bin/../lib/gcc/arm-none-eabi/13.3.1/thumb/v7e-m+fp/hard/crtbegin.o

.data           0x20000000        0x4 load address 0x08000b44
                0x20000000                        . = ALIGN (0x4)
                0x20000000                        _sdata = .
 *(.data)
 *(.data*)
 .data.__atexit_recursive_mutex
                0x20000000        0x4 E:/prog/STM32/STM32CubeIDE_1.18.1/STM32CubeIDE/plugins/com.st.stm32cube.ide.mcu.externaltools.gnu-tools-for-stm32.13.3.rel1.win32_1.0.0.202411081344/tools/bin/../lib/gcc/arm-none-eabi/13.3.1/../../../../arm-none-eabi/lib/thumb/v7e-m+fp/hard\libc.a(libc_a-__call_atexit.o)
                0x20000000                __atexit_recursive_mutex
 *(.RamFunc)
 *(.RamFunc*)
                0x20000004                        . = ALIGN (0x4)
                0x20000004                        _edata = .

.igot.plt       0x20000004        0x0 load address 0x08000b48
 .igot.plt      0x20000004        0x0 E:/prog/STM32/STM32CubeIDE_1.18.1/STM32CubeIDE/plugins/com.st.stm32cube.ide.mcu.externaltools.gnu-tools-for-stm32.13.3.rel1.win32_1.0.0.202411081344/tools/bin/../lib/gcc/arm-none-eabi/13.3.1/thumb/v7e-m+fp/hard/crtbegin.o
                0x20000004                        . = ALIGN (0x4)

.bss            0x20000004      0x1b4 load address 0x08000b48
                0x20000004                        _sbss = .
                0x20000004                        __bss_start__ = _sbss
 *(.bss)
 .bss           0x20000004       0x1c E:/prog/STM32/STM32CubeIDE_1.18.1/STM32CubeIDE/plugins/com.st.stm32cube.ide.mcu.externaltools.gnu-tools-for-stm32.13.3.rel1.win32_1.0.0.202411081344/tools/bin/../lib/gcc/arm-none-eabi/13.3.1/thumb/v7e-m+fp/hard/crtbegin.o
 *(.bss*)
 .bss.__lock___atexit_recursive_mutex
                0x20000020        0x1 E:/prog/STM32/STM32CubeIDE_1.18.1/STM32CubeIDE/plugins/com.st.stm32cube.ide.mcu.externaltools.gnu-tools-for-stm32.13.3.rel1.win32_1.0.0.202411081344/tools/bin/../lib/gcc/arm-none-eabi/13.3.1/../../../../arm-none-eabi/lib/thumb/v7e-m+fp/hard\libc.a(libc_a-lock.o)
                0x20000020                __lock___atexit_recursive_mutex
 *fill*         0x20000021        0x3 
 .bss.__atexit  0x20000024        0x4 E:/prog/STM32/STM32CubeIDE_1.18.1/STM32CubeIDE/plugins/com.st.stm32cube.ide.mcu.externaltools.gnu-tools-for-stm32.13.3.rel1.win32_1.0.0.202411081344/tools/bin/../lib/gcc/arm-none-eabi/13.3.1/../../../../arm-none-eabi/lib/thumb/v7e-m+fp/hard\libc.a(libc_a-__call_atexit.o)
                0x20000024                __atexit
 .bss.__atexit0
                0x20000028      0x190 E:/prog/STM32/STM32CubeIDE_1.18.1/STM32CubeIDE/plugins/com.st.stm32cube.ide.mcu.externaltools.gnu-tools-for-stm32.13.3.rel1.win32_1.0.0.202411081344/tools/bin/../lib/gcc/arm-none-eabi/13.3.1/../../../../arm-none-eabi/lib/thumb/v7e-m+fp/hard\libc.a(libc_a-__atexit.o)
                0x20000028                __atexit0
 *(COMMON)
                0x200001b8                        . = ALIGN (0x4)
                0x200001b8                        _ebss = .
                0x200001b8                        __bss_end__ = _ebss

._user_heap_stack
                0x200001b8      0x600 load address 0x08000b48
                0x200001b8                        . = ALIGN (0x8)
                [!provide]                        PROVIDE (end = .)
                [!provide]                        PROVIDE (_end = .)
                0x200003b8                        . = (. + _Min_Heap_Size)
 *fill*         0x200001b8      0x200 
                0x200007b8                        . = (. + _Min_Stack_Size)
 *fill*         0x200003b8      0x400 
                0x200007b8                        . = ALIGN (0x8)

/DISCARD/
 libc.a(*)
 libm.a(*)
 libgcc.a(*)

.ARM.attributes
                0x00000000       0x30
 *(.ARM.attributes)
 .ARM.attributes
                0x00000000       0x22 E:/prog/STM32/STM32CubeIDE_1.18.1/STM32CubeIDE/plugins/com.st.stm32cube.ide.mcu.externaltools.gnu-tools-for-stm32.13.3.rel1.win32_1.0.0.202411081344/tools/bin/../lib/gcc/arm-none-eabi/13.3.1/thumb/v7e-m+fp/hard/crti.o
 .ARM.attributes
                0x00000022       0x34 E:/prog/STM32/STM32CubeIDE_1.18.1/STM32CubeIDE/plugins/com.st.stm32cube.ide.mcu.externaltools.gnu-tools-for-stm32.13.3.rel1.win32_1.0.0.202411081344/tools/bin/../lib/gcc/arm-none-eabi/13.3.1/thumb/v7e-m+fp/hard/crtbegin.o
 .ARM.attributes
                0x00000056       0x34 ./Src/006spi_tx_testing.o
 .ARM.attributes
                0x0000008a       0x21 ./Startup/startup_stm32f446retx.o
 .ARM.attributes
                0x000000ab       0x34 ./drivers/Src/stm32f446xx_gpio_driver.o
 .ARM.attributes
                0x000000df       0x34 ./drivers/Src/stm32f446xx_spi_driver.o
 .ARM.attributes
                0x00000113       0x34 E:/prog/STM32/STM32CubeIDE_1.18.1/STM32CubeIDE/plugins/com.st.stm32cube.ide.mcu.externaltools.gnu-tools-for-stm32.13.3.rel1.win32_1.0.0.202411081344/tools/bin/../lib/gcc/arm-none-eabi/13.3.1/../../../../arm-none-eabi/lib/thumb/v7e-m+fp/hard\libc.a(libc_a-init.o)
 .ARM.attributes
                0x00000147       0x34 E:/prog/STM32/STM32CubeIDE_1.18.1/STM32CubeIDE/plugins/com.st.stm32cube.ide.mcu.externaltools.gnu-tools-for-stm32.13.3.rel1.win32_1.0.0.202411081344/tools/bin/../lib/gcc/arm-none-eabi/13.3.1/../../../../arm-none-eabi/lib/thumb/v7e-m+fp/hard\libc.a(libc_a-lock.o)
 .ARM.attributes
                0x0000017b       0x17 E:/prog/STM32/STM32CubeIDE_1.18.1/STM32CubeIDE/plugins/com.st.stm32cube.ide.mcu.externaltools.gnu-tools-for-stm32.13.3.rel1.win32_1.0.0.202411081344/tools/bin/../lib/gcc/arm-none-eabi/13.3.1/../../../../arm-none-eabi/lib/thumb/v7e-m+fp/hard\libc.a(libc_a-strlen.o)
 .ARM.attributes
                0x00000192       0x34 E:/prog/STM32/STM32CubeIDE_1.18.1/STM32CubeIDE/plugins/com.st.stm32cube.ide.mcu.externaltools.gnu-tools-for-stm32.13.3.rel1.win32_1.0.0.202411081344/tools/bin/../lib/gcc/arm-none-eabi/13.3.1/../../../../arm-none-eabi/lib/thumb/v7e-m+fp/hard\libc.a(libc_a-__call_atexit.o)
 .ARM.attributes
                0x000001c6       0x34 E:/prog/STM32/STM32CubeIDE_1.18.1/STM32CubeIDE/plugins/com.st.stm32cube.ide.mcu.externaltools.gnu-tools-for-stm32.13.3.rel1.win32_1.0.0.202411081344/tools/bin/../lib/gcc/arm-none-eabi/13.3.1/../../../../arm-none-eabi/lib/thumb/v7e-m+fp/hard\libc.a(libc_a-atexit.o)
 .ARM.attributes
                0x000001fa       0x34 E:/prog/STM32/STM32CubeIDE_1.18.1/STM32CubeIDE/plugins/com.st.stm32cube.ide.mcu.externaltools.gnu-tools-for-stm32.13.3.rel1.win32_1.0.0.202411081344/tools/bin/../lib/gcc/arm-none-eabi/13.3.1/../../../../arm-none-eabi/lib/thumb/v7e-m+fp/hard\libc.a(libc_a-fini.o)
 .ARM.attributes
                0x0000022e       0x34 E:/prog/STM32/STM32CubeIDE_1.18.1/STM32CubeIDE/plugins/com.st.stm32cube.ide.mcu.externaltools.gnu-tools-for-stm32.13.3.rel1.win32_1.0.0.202411081344/tools/bin/../lib/gcc/arm-none-eabi/13.3.1/../../../../arm-none-eabi/lib/thumb/v7e-m+fp/hard\libc.a(libc_a-__atexit.o)
 .ARM.attributes
                0x00000262       0x22 E:/prog/STM32/STM32CubeIDE_1.18.1/STM32CubeIDE/plugins/com.st.stm32cube.ide.mcu.externaltools.gnu-tools-for-stm32.13.3.rel1.win32_1.0.0.202411081344/tools/bin/../lib/gcc/arm-none-eabi/13.3.1/thumb/v7e-m+fp/hard/crtn.o
OUTPUT(f446re_drivers.elf elf32-littlearm)
LOAD linker stubs
LOAD E:/prog/STM32/STM32CubeIDE_1.18.1/STM32CubeIDE/plugins/com.st.stm32cube.ide.mcu.externaltools.gnu-tools-for-stm32.13.3.rel1.win32_1.0.0.202411081344/tools/bin/../lib/gcc/arm-none-eabi/13.3.1/../../../../arm-none-eabi/lib/thumb/v7e-m+fp/hard\libc.a
LOAD E:/prog/STM32/STM32CubeIDE_1.18.1/STM32CubeIDE/plugins/com.st.stm32cube.ide.mcu.externaltools.gnu-tools-for-stm32.13.3.rel1.win32_1.0.0.202411081344/tools/bin/../lib/gcc/arm-none-eabi/13.3.1/../../../../arm-none-eabi/lib/thumb/v7e-m+fp/hard\libm.a
LOAD E:/prog/STM32/STM32CubeIDE_1.18.1/STM32CubeIDE/plugins/com.st.stm32cube.ide.mcu.externaltools.gnu-tools-for-stm32.13.3.rel1.win32_1.0.0.202411081344/tools/bin/../lib/gcc/arm-none-eabi/13.3.1/thumb/v7e-m+fp/hard\libgcc.a

.debug_info     0x00000000     0x1517
 .debug_info    0x00000000      0x4b5 ./Src/006spi_tx_testing.o
 .debug_info    0x000004b5       0x30 ./Startup/startup_stm32f446retx.o
 .debug_info    0x000004e5      0x77c ./drivers/Src/stm32f446xx_gpio_driver.o
 .debug_info    0x00000c61      0x8b6 ./drivers/Src/stm32f446xx_spi_driver.o

.debug_abbrev   0x00000000      0x4a9
 .debug_abbrev  0x00000000      0x131 ./Src/006spi_tx_testing.o
 .debug_abbrev  0x00000131       0x24 ./Startup/startup_stm32f446retx.o
 .debug_abbrev  0x00000155      0x178 ./drivers/Src/stm32f446xx_gpio_driver.o
 .debug_abbrev  0x000002cd      0x1dc ./drivers/Src/stm32f446xx_spi_driver.o

.debug_aranges  0x00000000      0x188
 .debug_aranges
                0x00000000       0x30 ./Src/006spi_tx_testing.o
 .debug_aranges
                0x00000030       0x28 ./Startup/startup_stm32f446retx.o
 .debug_aranges
                0x00000058       0x70 ./drivers/Src/stm32f446xx_gpio_driver.o
 .debug_aranges
                0x000000c8       0xc0 ./drivers/Src/stm32f446xx_spi_driver.o

.debug_rnglists
                0x00000000      0x11d
 .debug_rnglists
                0x00000000       0x1f ./Src/006spi_tx_testing.o
 .debug_rnglists
                0x0000001f       0x19 ./Startup/startup_stm32f446retx.o
 .debug_rnglists
                0x00000038       0x53 ./drivers/Src/stm32f446xx_gpio_driver.o
 .debug_rnglists
                0x0000008b       0x92 ./drivers/Src/stm32f446xx_spi_driver.o

.debug_macro    0x00000000     0x24c6
 .debug_macro   0x00000000      0x15c ./Src/006spi_tx_testing.o
 .debug_macro   0x0000015c      0xae4 ./Src/006spi_tx_testing.o
 .debug_macro   0x00000c40       0x22 ./Src/006spi_tx_testing.o
 .debug_macro   0x00000c62       0x6e ./Src/006spi_tx_testing.o
 .debug_macro   0x00000cd0       0x2a ./Src/006spi_tx_testing.o
 .debug_macro   0x00000cfa       0x94 ./Src/006spi_tx_testing.o
 .debug_macro   0x00000d8e       0x3c ./Src/006spi_tx_testing.o
 .debug_macro   0x00000dca       0x34 ./Src/006spi_tx_testing.o
 .debug_macro   0x00000dfe      0x190 ./Src/006spi_tx_testing.o
 .debug_macro   0x00000f8e       0x57 ./Src/006spi_tx_testing.o
 .debug_macro   0x00000fe5      0x370 ./Src/006spi_tx_testing.o
 .debug_macro   0x00001355       0x16 ./Src/006spi_tx_testing.o
 .debug_macro   0x0000136b       0x4a ./Src/006spi_tx_testing.o
 .debug_macro   0x000013b5       0x34 ./Src/006spi_tx_testing.o
 .debug_macro   0x000013e9       0x10 ./Src/006spi_tx_testing.o
 .debug_macro   0x000013f9       0x58 ./Src/006spi_tx_testing.o
 .debug_macro   0x00001451      0x1e5 ./Src/006spi_tx_testing.o
 .debug_macro   0x00001636       0x10 ./Src/006spi_tx_testing.o
 .debug_macro   0x00001646       0x3c ./Src/006spi_tx_testing.o
 .debug_macro   0x00001682       0x20 ./Src/006spi_tx_testing.o
 .debug_macro   0x000016a2      0x103 ./Src/006spi_tx_testing.o
 .debug_macro   0x000017a5       0x6a ./Src/006spi_tx_testing.o
 .debug_macro   0x0000180f      0x1df ./Src/006spi_tx_testing.o
 .debug_macro   0x000019ee      0x731 ./Src/006spi_tx_testing.o
 .debug_macro   0x0000211f       0xc4 ./Src/006spi_tx_testing.o
 .debug_macro   0x000021e3       0xbe ./Src/006spi_tx_testing.o
 .debug_macro   0x000022a1       0xa3 ./drivers/Src/stm32f446xx_gpio_driver.o
 .debug_macro   0x00002344       0x8e ./drivers/Src/stm32f446xx_gpio_driver.o
 .debug_macro   0x000023d2       0x51 ./drivers/Src/stm32f446xx_gpio_driver.o
 .debug_macro   0x00002423       0xa3 ./drivers/Src/stm32f446xx_spi_driver.o

.debug_line     0x00000000     0x1aaf
 .debug_line    0x00000000      0x690 ./Src/006spi_tx_testing.o
 .debug_line    0x00000690       0x7b ./Startup/startup_stm32f446retx.o
 .debug_line    0x0000070b      0x982 ./drivers/Src/stm32f446xx_gpio_driver.o
 .debug_line    0x0000108d      0xa22 ./drivers/Src/stm32f446xx_spi_driver.o

.debug_str      0x00000000     0x9601
 .debug_str     0x00000000     0x9601 ./Src/006spi_tx_testing.o
                               0x935f (size before relaxing)
 .debug_str     0x00009601       0x6e ./Startup/startup_stm32f446retx.o
 .debug_str     0x00009601     0x68b9 ./drivers/Src/stm32f446xx_gpio_driver.o
 .debug_str     0x00009601     0x694c ./drivers/Src/stm32f446xx_spi_driver.o

.comment        0x00000000       0x43
 .comment       0x00000000       0x43 ./Src/006spi_tx_testing.o
                                 0x44 (size before relaxing)
 .comment       0x00000043       0x44 ./drivers/Src/stm32f446xx_gpio_driver.o
 .comment       0x00000043       0x44 ./drivers/Src/stm32f446xx_spi_driver.o

.debug_frame    0x00000000      0x73c
 .debug_frame   0x00000000       0x78 ./Src/006spi_tx_testing.o
 .debug_frame   0x00000078      0x1c8 ./drivers/Src/stm32f446xx_gpio_driver.o
 .debug_frame   0x00000240      0x33c ./drivers/Src/stm32f446xx_spi_driver.o
 .debug_frame   0x0000057c       0x2c E:/prog/STM32/STM32CubeIDE_1.18.1/STM32CubeIDE/plugins/com.st.stm32cube.ide.mcu.externaltools.gnu-tools-for-stm32.13.3.rel1.win32_1.0.0.202411081344/tools/bin/../lib/gcc/arm-none-eabi/13.3.1/../../../../arm-none-eabi/lib/thumb/v7e-m+fp/hard\libc.a(libc_a-init.o)
 .debug_frame   0x000005a8       0xb0 E:/prog/STM32/STM32CubeIDE_1.18.1/STM32CubeIDE/plugins/com.st.stm32cube.ide.mcu.externaltools.gnu-tools-for-stm32.13.3.rel1.win32_1.0.0.202411081344/tools/bin/../lib/gcc/arm-none-eabi/13.3.1/../../../../arm-none-eabi/lib/thumb/v7e-m+fp/hard\libc.a(libc_a-lock.o)
 .debug_frame   0x00000658       0x58 E:/prog/STM32/STM32CubeIDE_1.18.1/STM32CubeIDE/plugins/com.st.stm32cube.ide.mcu.externaltools.gnu-tools-for-stm32.13.3.rel1.win32_1.0.0.202411081344/tools/bin/../lib/gcc/arm-none-eabi/13.3.1/../../../../arm-none-eabi/lib/thumb/v7e-m+fp/hard\libc.a(libc_a-__call_atexit.o)
 .debug_frame   0x000006b0       0x20 E:/prog/STM32/STM32CubeIDE_1.18.1/STM32CubeIDE/plugins/com.st.stm32cube.ide.mcu.externaltools.gnu-tools-for-stm32.13.3.rel1.win32_1.0.0.202411081344/tools/bin/../lib/gcc/arm-none-eabi/13.3.1/../../../../arm-none-eabi/lib/thumb/v7e-m+fp/hard\libc.a(libc_a-atexit.o)
 .debug_frame   0x000006d0       0x38 E:/prog/STM32/STM32CubeIDE_1.18.1/STM32CubeIDE/plugins/com.st.stm32cube.ide.mcu.externaltools.gnu-tools-for-stm32.13.3.rel1.win32_1.0.0.202411081344/tools/bin/../lib/gcc/arm-none-eabi/13.3.1/../../../../arm-none-eabi/lib/thumb/v7e-m+fp/hard\libc.a(libc_a-fini.o)
 .debug_frame   0x00000708       0x34 E:/prog/STM32/STM32CubeIDE_1.18.1/STM32CubeIDE/plugins/com.st.stm32cube.ide.mcu.externaltools.gnu-tools-for-stm32.13.3.rel1.win32_1.0.0.202411081344/tools/bin/../lib/gcc/arm-none-eabi/13.3.1/../../../../arm-none-eabi/lib/thumb/v7e-m+fp/hard\libc.a(libc_a-__atexit.o)

.debug_line_str
                0x00000000       0x52
 .debug_line_str
                0x00000000       0x52 ./Startup/startup_stm32f446retx.o
