Archive member included to satisfy reference by file (symbol)

E:/prog/STM32/STM32CubeIDE_1.18.1/STM32CubeIDE/plugins/com.st.stm32cube.ide.mcu.externaltools.gnu-tools-for-stm32.13.3.rel1.win32_1.0.0.202411081344/tools/bin/../lib/gcc/arm-none-eabi/13.3.1/../../../../arm-none-eabi/lib/thumb/v7e-m+fp/hard\libc.a(libc_a-exit.o)
                              E:/prog/STM32/STM32CubeIDE_1.18.1/STM32CubeIDE/plugins/com.st.stm32cube.ide.mcu.externaltools.gnu-tools-for-stm32.13.3.rel1.win32_1.0.0.202411081344/tools/bin/../lib/gcc/arm-none-eabi/13.3.1/../../../../arm-none-eabi/lib/thumb/v7e-m+fp/hard/crt0.o (exit)
E:/prog/STM32/STM32CubeIDE_1.18.1/STM32CubeIDE/plugins/com.st.stm32cube.ide.mcu.externaltools.gnu-tools-for-stm32.13.3.rel1.win32_1.0.0.202411081344/tools/bin/../lib/gcc/arm-none-eabi/13.3.1/../../../../arm-none-eabi/lib/thumb/v7e-m+fp/hard\libc.a(libc_a-findfp.o)
                              E:/prog/STM32/STM32CubeIDE_1.18.1/STM32CubeIDE/plugins/com.st.stm32cube.ide.mcu.externaltools.gnu-tools-for-stm32.13.3.rel1.win32_1.0.0.202411081344/tools/bin/../lib/gcc/arm-none-eabi/13.3.1/../../../../arm-none-eabi/lib/thumb/v7e-m+fp/hard\libc.a(libc_a-exit.o) (__stdio_exit_handler)
E:/prog/STM32/STM32CubeIDE_1.18.1/STM32CubeIDE/plugins/com.st.stm32cube.ide.mcu.externaltools.gnu-tools-for-stm32.13.3.rel1.win32_1.0.0.202411081344/tools/bin/../lib/gcc/arm-none-eabi/13.3.1/../../../../arm-none-eabi/lib/thumb/v7e-m+fp/hard\libc.a(libc_a-fwalk.o)
                              E:/prog/STM32/STM32CubeIDE_1.18.1/STM32CubeIDE/plugins/com.st.stm32cube.ide.mcu.externaltools.gnu-tools-for-stm32.13.3.rel1.win32_1.0.0.202411081344/tools/bin/../lib/gcc/arm-none-eabi/13.3.1/../../../../arm-none-eabi/lib/thumb/v7e-m+fp/hard\libc.a(libc_a-findfp.o) (_fwalk_sglue)
E:/prog/STM32/STM32CubeIDE_1.18.1/STM32CubeIDE/plugins/com.st.stm32cube.ide.mcu.externaltools.gnu-tools-for-stm32.13.3.rel1.win32_1.0.0.202411081344/tools/bin/../lib/gcc/arm-none-eabi/13.3.1/../../../../arm-none-eabi/lib/thumb/v7e-m+fp/hard\libc.a(libc_a-stdio.o)
                              E:/prog/STM32/STM32CubeIDE_1.18.1/STM32CubeIDE/plugins/com.st.stm32cube.ide.mcu.externaltools.gnu-tools-for-stm32.13.3.rel1.win32_1.0.0.202411081344/tools/bin/../lib/gcc/arm-none-eabi/13.3.1/../../../../arm-none-eabi/lib/thumb/v7e-m+fp/hard\libc.a(libc_a-findfp.o) (__sread)
E:/prog/STM32/STM32CubeIDE_1.18.1/STM32CubeIDE/plugins/com.st.stm32cube.ide.mcu.externaltools.gnu-tools-for-stm32.13.3.rel1.win32_1.0.0.202411081344/tools/bin/../lib/gcc/arm-none-eabi/13.3.1/../../../../arm-none-eabi/lib/thumb/v7e-m+fp/hard\libc.a(libc_a-memset.o)
                              E:/prog/STM32/STM32CubeIDE_1.18.1/STM32CubeIDE/plugins/com.st.stm32cube.ide.mcu.externaltools.gnu-tools-for-stm32.13.3.rel1.win32_1.0.0.202411081344/tools/bin/../lib/gcc/arm-none-eabi/13.3.1/../../../../arm-none-eabi/lib/thumb/v7e-m+fp/hard/crt0.o (memset)
E:/prog/STM32/STM32CubeIDE_1.18.1/STM32CubeIDE/plugins/com.st.stm32cube.ide.mcu.externaltools.gnu-tools-for-stm32.13.3.rel1.win32_1.0.0.202411081344/tools/bin/../lib/gcc/arm-none-eabi/13.3.1/../../../../arm-none-eabi/lib/thumb/v7e-m+fp/hard\libc.a(libc_a-closer.o)
                              E:/prog/STM32/STM32CubeIDE_1.18.1/STM32CubeIDE/plugins/com.st.stm32cube.ide.mcu.externaltools.gnu-tools-for-stm32.13.3.rel1.win32_1.0.0.202411081344/tools/bin/../lib/gcc/arm-none-eabi/13.3.1/../../../../arm-none-eabi/lib/thumb/v7e-m+fp/hard\libc.a(libc_a-stdio.o) (_close_r)
E:/prog/STM32/STM32CubeIDE_1.18.1/STM32CubeIDE/plugins/com.st.stm32cube.ide.mcu.externaltools.gnu-tools-for-stm32.13.3.rel1.win32_1.0.0.202411081344/tools/bin/../lib/gcc/arm-none-eabi/13.3.1/../../../../arm-none-eabi/lib/thumb/v7e-m+fp/hard\libc.a(libc_a-reent.o)
                              E:/prog/STM32/STM32CubeIDE_1.18.1/STM32CubeIDE/plugins/com.st.stm32cube.ide.mcu.externaltools.gnu-tools-for-stm32.13.3.rel1.win32_1.0.0.202411081344/tools/bin/../lib/gcc/arm-none-eabi/13.3.1/../../../../arm-none-eabi/lib/thumb/v7e-m+fp/hard\libc.a(libc_a-closer.o) (errno)
E:/prog/STM32/STM32CubeIDE_1.18.1/STM32CubeIDE/plugins/com.st.stm32cube.ide.mcu.externaltools.gnu-tools-for-stm32.13.3.rel1.win32_1.0.0.202411081344/tools/bin/../lib/gcc/arm-none-eabi/13.3.1/../../../../arm-none-eabi/lib/thumb/v7e-m+fp/hard\libc.a(libc_a-impure.o)
                              E:/prog/STM32/STM32CubeIDE_1.18.1/STM32CubeIDE/plugins/com.st.stm32cube.ide.mcu.externaltools.gnu-tools-for-stm32.13.3.rel1.win32_1.0.0.202411081344/tools/bin/../lib/gcc/arm-none-eabi/13.3.1/../../../../arm-none-eabi/lib/thumb/v7e-m+fp/hard\libc.a(libc_a-reent.o) (_impure_ptr)
E:/prog/STM32/STM32CubeIDE_1.18.1/STM32CubeIDE/plugins/com.st.stm32cube.ide.mcu.externaltools.gnu-tools-for-stm32.13.3.rel1.win32_1.0.0.202411081344/tools/bin/../lib/gcc/arm-none-eabi/13.3.1/../../../../arm-none-eabi/lib/thumb/v7e-m+fp/hard\libc.a(libc_a-lseekr.o)
[...]
Memory Configuration

Name             Origin             Length             Attributes
RAM              0x20000000         0x00020000         xrw
FLASH            0x08000000         0x00080000         xr
*default*        0x00000000         0xffffffff

Linker script and memory map

LOAD E:/prog/STM32/STM32CubeIDE_1.18.1/STM32CubeIDE/plugins/com.st.stm32cube.ide.mcu.externaltools.gnu-tools-for-stm32.13.3.rel1.win32_1.0.0.202411081344/tools/bin/../lib/gcc/arm-none-eabi/13.3.1/thumb/v7e-m+fp/hard/crti.o
LOAD E:/prog/STM32/STM32CubeIDE_1.18.1/STM32CubeIDE/plugins/com.st.stm32cube.ide.mcu.externaltools.gnu-tools-for-stm32.13.3.rel1.win32_1.0.0.202411081344/tools/bin/../lib/gcc/arm-none-eabi/13.3.1/thumb/v7e-m+fp/hard/crtbegin.o
LOAD E:/prog/STM32/STM32CubeIDE_1.18.1/STM32CubeIDE/plugins/com.st.stm32cube.ide.mcu.externaltools.gnu-tools-for-stm32.13.3.rel1.win32_1.0.0.202411081344/tools/bin/../lib/gcc/arm-none-eabi/13.3.1/../../../../arm-none-eabi/lib/thumb/v7e-m+fp/hard/crt0.o
LOAD ./Src/002led_button_f446re.o
LOAD ./Startup/startup_stm32f446retx.o
LOAD ./drivers/Src/stm32f446xx_gpio_driver.o
LOAD ./drivers/Src/stm32f446xx_spi_driver.o
START GROUP
LOAD E:/prog/STM32/STM32CubeIDE_1.18.1/STM32CubeIDE/plugins/com.st.stm32cube.ide.mcu.externaltools.gnu-tools-for-stm32.13.3.rel1.win32_1.0.0.202411081344/tools/bin/../lib/gcc/arm-none-eabi/13.3.1/../../../../arm-none-eabi/lib/thumb/v7e-m+fp/hard\libc.a
LOAD E:/prog/STM32/STM32CubeIDE_1.18.1/STM32CubeIDE/plugins/com.st.stm32cube.ide.mcu.externaltools.gnu-tools-for-stm32.13.3.rel1.win32_1.0.0.202411081344/tools/bin/../lib/gcc/arm-none-eabi/13.3.1/../../../../arm-none-eabi/lib/thumb/v7e-m+fp/hard\libm.a
END GROUP
LOAD E:/prog/STM32/STM32CubeIDE_1.18.1/STM32CubeIDE/plugins/com.st.stm32cube.ide.mcu.externaltools.gnu-tools-for-stm32.13.3.rel1.win32_1.0.0.202411081344/tools/bin/../lib/gcc/arm-none-eabi/13.3.1/thumb/v7e-m+fp/hard/crtend.o
LOAD E:/prog/STM32/STM32CubeIDE_1.18.1/STM32CubeIDE/plugins/com.st.stm32cube.ide.mcu.externaltools.gnu-tools-for-stm32.13.3.rel1.win32_1.0.0.202411081344/tools/bin/../lib/gcc/arm-none-eabi/13.3.1/thumb/v7e-m+fp/hard/crtn.o
                0x20020000                        _estack = (ORIGIN (RAM) + LENGTH (RAM))
                0x00000200                        _Min_Heap_Size = 0x200
                0x00000400                        _Min_Stack_Size = 0x400

.isr_vector     0x08000000      0x1c4
                0x08000000                        . = ALIGN (0x4)
 *(.isr_vector)
 .isr_vector    0x08000000      0x1c4 ./Startup/startup_stm32f446retx.o
                0x08000000                g_pfnVectors
                0x080001c4                        . = ALIGN (0x4)

.text           0x080001c4      0x6d0
                0x080001c4                        . = ALIGN (0x4)
 *(.text)
 .text          0x080001c4       0x40 E:/prog/STM32/STM32CubeIDE_1.18.1/STM32CubeIDE/plugins/com.st.stm32cube.ide.mcu.externaltools.gnu-tools-for-stm32.13.3.rel1.win32_1.0.0.202411081344/tools/bin/../lib/gcc/arm-none-eabi/13.3.1/thumb/v7e-m+fp/hard/crtbegin.o
 *(.text*)
 .text.delay    0x08000204       0x2c ./Src/002led_button_f446re.o
                0x08000204                delay
 .text.main     0x08000230       0x78 ./Src/002led_button_f446re.o
                0x08000230                main
 .text.Reset_Handler
                0x080002a8       0x50 ./Startup/startup_stm32f446retx.o
                0x080002a8                Reset_Handler
 .text.Default_Handler
                0x080002f8        0x2 ./Startup/startup_stm32f446retx.o
                0x080002f8                RTC_Alarm_IRQHandler
                0x080002f8                EXTI2_IRQHandler
                0x080002f8                TIM8_CC_IRQHandler
                0x080002f8                SPDIF_Rx_IRQHandler
                0x080002f8                DebugMon_Handler
                0x080002f8                SPI4_IRQHandler
                0x080002f8                TIM1_CC_IRQHandler
                0x080002f8                QuadSPI_IRQHandler
                0x080002f8                DMA2_Stream5_IRQHandler
                0x080002f8                HardFault_Handler
                0x080002f8                DMA1_Stream5_IRQHandler
                0x080002f8                SysTick_Handler
                0x080002f8                PVD_IRQHandler
                0x080002f8                SDIO_IRQHandler
                0x080002f8                TAMP_STAMP_IRQHandler
                0x080002f8                PendSV_Handler
                0x080002f8                NMI_Handler
                0x080002f8                CAN2_RX1_IRQHandler
                0x080002f8                EXTI3_IRQHandler
                0x080002f8                TIM8_TRG_COM_TIM14_IRQHandler
                0x080002f8                TIM1_UP_TIM10_IRQHandler
                0x080002f8                FMPI2C1_error_IRQHandler
                0x080002f8                TIM8_UP_TIM13_IRQHandler
                0x080002f8                I2C3_ER_IRQHandler
                0x080002f8                EXTI0_IRQHandler
                0x080002f8                I2C2_EV_IRQHandler
                0x080002f8                DMA1_Stream2_IRQHandler
                0x080002f8                CAN1_RX0_IRQHandler
                0x080002f8                OTG_HS_WKUP_IRQHandler
                0x080002f8                UsageFault_Handler
                0x080002f8                CAN2_SCE_IRQHandler
                0x080002f8                DMA2_Stream2_IRQHandler
                0x080002f8                SPI1_IRQHandler
                0x080002f8                TIM6_DAC_IRQHandler
                0x080002f8                TIM1_BRK_TIM9_IRQHandler
                0x080002f8                DCMI_IRQHandler
                0x080002f8                CAN2_RX0_IRQHandler
                0x080002f8                DMA2_Stream3_IRQHandler
                0x080002f8                FMPI2C1_IRQHandler
                0x080002f8                SAI2_IRQHandler
                0x080002f8                USART6_IRQHandler
                0x080002f8                USART3_IRQHandler
                0x080002f8                CAN1_RX1_IRQHandler
                0x080002f8                UART5_IRQHandler
                0x080002f8                DMA2_Stream0_IRQHandler
                0x080002f8                TIM4_IRQHandler
                0x080002f8                I2C1_EV_IRQHandler
                0x080002f8                HDMI_CEC_IRQHandler
                0x080002f8                DMA1_Stream6_IRQHandler
                0x080002f8                DMA1_Stream1_IRQHandler
                0x080002f8                UART4_IRQHandler
                0x080002f8                TIM3_IRQHandler
                0x080002f8                RCC_IRQHandler
                0x080002f8                TIM8_BRK_TIM12_IRQHandler
                0x080002f8                Default_Handler
                0x080002f8                EXTI15_10_IRQHandler
                0x080002f8                ADC_IRQHandler
                0x080002f8                DMA1_Stream7_IRQHandler
                0x080002f8                TIM7_IRQHandler
                0x080002f8                CAN2_TX_IRQHandler
                0x080002f8                TIM5_IRQHandler
                0x080002f8                DMA2_Stream7_IRQHandler
                0x080002f8                I2C3_EV_IRQHandler
                0x080002f8                EXTI9_5_IRQHandler
                0x080002f8                RTC_WKUP_IRQHandler
                0x080002f8                SPI2_IRQHandler
                0x080002f8                OTG_HS_EP1_IN_IRQHandler
                0x080002f8                MemManage_Handler
                0x080002f8                DMA1_Stream0_IRQHandler
                0x080002f8                CAN1_TX_IRQHandler
                0x080002f8                SVC_Handler
                0x080002f8                EXTI4_IRQHandler
                0x080002f8                OTG_HS_EP1_OUT_IRQHandler
                0x080002f8                WWDG_IRQHandler
                0x080002f8                TIM2_IRQHandler
                0x080002f8                OTG_FS_WKUP_IRQHandler
                0x080002f8                TIM1_TRG_COM_TIM11_IRQHandler
                0x080002f8                OTG_HS_IRQHandler
                0x080002f8                EXTI1_IRQHandler
                0x080002f8                USART2_IRQHandler
                0x080002f8                I2C2_ER_IRQHandler
                0x080002f8                DMA2_Stream1_IRQHandler
                0x080002f8                CAN1_SCE_IRQHandler
                0x080002f8                FLASH_IRQHandler
                0x080002f8                DMA2_Stream4_IRQHandler
                0x080002f8                BusFault_Handler
                0x080002f8                USART1_IRQHandler
                0x080002f8                OTG_FS_IRQHandler
                0x080002f8                SPI3_IRQHandler
                0x080002f8                DMA1_Stream4_IRQHandler
                0x080002f8                I2C1_ER_IRQHandler
                0x080002f8                FMC_IRQHandler
                0x080002f8                DMA2_Stream6_IRQHandler
                0x080002f8                SAI1_IRQHandler
                0x080002f8                DMA1_Stream3_IRQHandler
 *fill*         0x080002fa        0x2 
 .text.GPIO_PeriClockControl
                0x080002fc       0xf0 ./drivers/Src/stm32f446xx_gpio_driver.o
                0x080002fc                GPIO_PeriClockControl
 .text.GPIO_Init
                0x080003ec      0x324 ./drivers/Src/stm32f446xx_gpio_driver.o
                0x080003ec                GPIO_Init
 .text.GPIO_ReadFromInputPin
                0x08000710       0x2c ./drivers/Src/stm32f446xx_gpio_driver.o
                0x08000710                GPIO_ReadFromInputPin
 .text.GPIO_ToggleOutputPin
                0x0800073c       0x2a ./drivers/Src/stm32f446xx_gpio_driver.o
                0x0800073c                GPIO_ToggleOutputPin
 *fill*         0x08000766        0x2 
 .text.__libc_init_array
                0x08000768       0x48 E:/prog/STM32/STM32CubeIDE_1.18.1/STM32CubeIDE/plugins/com.st.stm32cube.ide.mcu.externaltools.gnu-tools-for-stm32.13.3.rel1.win32_1.0.0.202411081344/tools/bin/../lib/gcc/arm-none-eabi/13.3.1/../../../../arm-none-eabi/lib/thumb/v7e-m+fp/hard\libc.a(libc_a-init.o)
                0x08000768                __libc_init_array
 .text.__retarget_lock_acquire_recursive
                0x080007b0        0x2 E:/prog/STM32/STM32CubeIDE_1.18.1/STM32CubeIDE/plugins/com.st.stm32cube.ide.mcu.externaltools.gnu-tools-for-stm32.13.3.rel1.win32_1.0.0.202411081344/tools/bin/../lib/gcc/arm-none-eabi/13.3.1/../../../../arm-none-eabi/lib/thumb/v7e-m+fp/hard\libc.a(libc_a-lock.o)
                0x080007b0                __retarget_lock_acquire_recursive
 .text.__retarget_lock_release_recursive
                0x080007b2        0x2 E:/prog/STM32/STM32CubeIDE_1.18.1/STM32CubeIDE/plugins/com.st.stm32cube.ide.mcu.externaltools.gnu-tools-for-stm32.13.3.rel1.win32_1.0.0.202411081344/tools/bin/../lib/gcc/arm-none-eabi/13.3.1/../../../../arm-none-eabi/lib/thumb/v7e-m+fp/hard\libc.a(libc_a-lock.o)
                0x080007b2                __retarget_lock_release_recursive
 .text.startup.register_fini
                0x080007b4       0x14 E:/prog/STM32/STM32CubeIDE_1.18.1/STM32CubeIDE/plugins/com.st.stm32cube.ide.mcu.externaltools.gnu-tools-for-stm32.13.3.rel1.win32_1.0.0.202411081344/tools/bin/../lib/gcc/arm-none-eabi/13.3.1/../../../../arm-none-eabi/lib/thumb/v7e-m+fp/hard\libc.a(libc_a-__call_atexit.o)
 .text.atexit   0x080007c8        0xc E:/prog/STM32/STM32CubeIDE_1.18.1/STM32CubeIDE/plugins/com.st.stm32cube.ide.mcu.externaltools.gnu-tools-for-stm32.13.3.rel1.win32_1.0.0.202411081344/tools/bin/../lib/gcc/arm-none-eabi/13.3.1/../../../../arm-none-eabi/lib/thumb/v7e-m+fp/hard\libc.a(libc_a-atexit.o)
                0x080007c8                atexit
 .text.__libc_fini_array
                0x080007d4       0x28 E:/prog/STM32/STM32CubeIDE_1.18.1/STM32CubeIDE/plugins/com.st.stm32cube.ide.mcu.externaltools.gnu-tools-for-stm32.13.3.rel1.win32_1.0.0.202411081344/tools/bin/../lib/gcc/arm-none-eabi/13.3.1/../../../../arm-none-eabi/lib/thumb/v7e-m+fp/hard\libc.a(libc_a-fini.o)
                0x080007d4                __libc_fini_array
 .text.__register_exitproc
                0x080007fc       0x80 E:/prog/STM32/STM32CubeIDE_1.18.1/STM32CubeIDE/plugins/com.st.stm32cube.ide.mcu.externaltools.gnu-tools-for-stm32.13.3.rel1.win32_1.0.0.202411081344/tools/bin/../lib/gcc/arm-none-eabi/13.3.1/../../../../arm-none-eabi/lib/thumb/v7e-m+fp/hard\libc.a(libc_a-__atexit.o)
                0x080007fc                __register_exitproc
 *(.glue_7)
 .glue_7        0x0800087c        0x0 linker stubs
 *(.glue_7t)
 .glue_7t       0x0800087c        0x0 linker stubs
 *(.eh_frame)
 .eh_frame      0x0800087c        0x0 E:/prog/STM32/STM32CubeIDE_1.18.1/STM32CubeIDE/plugins/com.st.stm32cube.ide.mcu.externaltools.gnu-tools-for-stm32.13.3.rel1.win32_1.0.0.202411081344/tools/bin/../lib/gcc/arm-none-eabi/13.3.1/thumb/v7e-m+fp/hard/crtbegin.o
 *(.init)
 .init          0x0800087c        0x4 E:/prog/STM32/STM32CubeIDE_1.18.1/STM32CubeIDE/plugins/com.st.stm32cube.ide.mcu.externaltools.gnu-tools-for-stm32.13.3.rel1.win32_1.0.0.202411081344/tools/bin/../lib/gcc/arm-none-eabi/13.3.1/thumb/v7e-m+fp/hard/crti.o
                0x0800087c                _init
 .init          0x08000880        0x8 E:/prog/STM32/STM32CubeIDE_1.18.1/STM32CubeIDE/plugins/com.st.stm32cube.ide.mcu.externaltools.gnu-tools-for-stm32.13.3.rel1.win32_1.0.0.202411081344/tools/bin/../lib/gcc/arm-none-eabi/13.3.1/thumb/v7e-m+fp/hard/crtn.o
 *(.fini)
 .fini          0x08000888        0x4 E:/prog/STM32/STM32CubeIDE_1.18.1/STM32CubeIDE/plugins/com.st.stm32cube.ide.mcu.externaltools.gnu-tools-for-stm32.13.3.rel1.win32_1.0.0.202411081344/tools/bin/../lib/gcc/arm-none-eabi/13.3.1/thumb/v7e-m+fp/hard/crti.o
                0x08000888                _fini
 .fini          0x0800088c        0x8 E:/prog/STM32/STM32CubeIDE_1.18.1/STM32CubeIDE/plugins/com.st.stm32cube.ide.mcu.externaltools.gnu-tools-for-stm32.13.3.rel1.win32_1.0.0.202411081344/tools/bin/../lib/gcc/arm-none-eabi/13.3.1/thumb/v7e-m+fp/hard/crtn.o
                0x08000894                        . = ALIGN (0x4)
                0x08000894                        _etext = .

.vfp11_veneer   0x08000894        0x0
 .vfp11_veneer  0x08000894        0x0 linker stubs

.v4_bx          0x08000894        0x0
 .v4_bx         0x08000894        0x0 linker stubs

.iplt           0x08000894        0x0
 .iplt          0x08000894        0x0 E:/prog/STM32/STM32CubeIDE_1.18.1/STM32CubeIDE/plugins/com.st.stm32cube.ide.mcu.externaltools.gnu-tools-for-stm32.13.3.rel1.win32_1.0.0.202411081344/tools/bin/../lib/gcc/arm-none-eabi/13.3.1/thumb/v7e-m+fp/hard/crtbegin.o

.rodata         0x08000894        0x0
                0x08000894                        . = ALIGN (0x4)
 *(.rodata)
 *(.rodata*)
                0x08000894                        . = ALIGN (0x4)

.ARM.extab      0x08000894        0x0
                0x08000894                        . = ALIGN (0x4)
 *(.ARM.extab* .gnu.linkonce.armextab.*)
                0x08000894                        . = ALIGN (0x4)

.ARM            0x08000894        0x0
                0x08000894                        . = ALIGN (0x4)
                0x08000894                        __exidx_start = .
 *(.ARM.exidx*)
                0x08000894                        __exidx_end = .
                0x08000894                        . = ALIGN (0x4)

.preinit_array  0x08000894        0x0
                0x08000894                        . = ALIGN (0x4)
                0x08000894                        PROVIDE (__preinit_array_start = .)
 *(.preinit_array*)
                0x08000894                        PROVIDE (__preinit_array_end = .)
                0x08000894                        . = ALIGN (0x4)

.init_array     0x08000894        0x8
                0x08000894                        . = ALIGN (0x4)
                0x08000894                        PROVIDE (__init_array_start = .)
 *(SORT_BY_NAME(.init_array.*))
 .init_array.00000
                0x08000894        0x4 E:/prog/STM32/STM32CubeIDE_1.18.1/STM32CubeIDE/plugins/com.st.stm32cube.ide.mcu.externaltools.gnu-tools-for-stm32.13.3.rel1.win32_1.0.0.202411081344/tools/bin/../lib/gcc/arm-none-eabi/13.3.1/../../../../arm-none-eabi/lib/thumb/v7e-m+fp/hard\libc.a(libc_a-__call_atexit.o)
 *(.init_array*)
 .init_array    0x08000898        0x4 E:/prog/STM32/STM32CubeIDE_1.18.1/STM32CubeIDE/plugins/com.st.stm32cube.ide.mcu.externaltools.gnu-tools-for-stm32.13.3.rel1.win32_1.0.0.202411081344/tools/bin/../lib/gcc/arm-none-eabi/13.3.1/thumb/v7e-m+fp/hard/crtbegin.o
                0x0800089c                        PROVIDE (__init_array_end = .)
                0x0800089c                        . = ALIGN (0x4)

.fini_array     0x0800089c        0x4
                0x0800089c                        . = ALIGN (0x4)
                0x0800089c                        PROVIDE (__fini_array_start = .)
 *(SORT_BY_NAME(.fini_array.*))
 *(.fini_array*)
 .fini_array    0x0800089c        0x4 E:/prog/STM32/STM32CubeIDE_1.18.1/STM32CubeIDE/plugins/com.st.stm32cube.ide.mcu.externaltools.gnu-tools-for-stm32.13.3.rel1.win32_1.0.0.202411081344/tools/bin/../lib/gcc/arm-none-eabi/13.3.1/thumb/v7e-m+fp/hard/crtbegin.o
                0x080008a0                        PROVIDE (__fini_array_end = .)
                0x080008a0                        . = ALIGN (0x4)
                0x080008a0                        _sidata = LOADADDR (.data)

.rel.dyn        0x080008a0        0x0
 .rel.iplt      0x080008a0        0x0 E:/prog/STM32/STM32CubeIDE_1.18.1/STM32CubeIDE/plugins/com.st.stm32cube.ide.mcu.externaltools.gnu-tools-for-stm32.13.3.rel1.win32_1.0.0.202411081344/tools/bin/../lib/gcc/arm-none-eabi/13.3.1/thumb/v7e-m+fp/hard/crtbegin.o

.data           0x20000000        0x4 load address 0x080008a0
                0x20000000                        . = ALIGN (0x4)
                0x20000000                        _sdata = .
 *(.data)
 *(.data*)
 .data.__atexit_recursive_mutex
                0x20000000        0x4 E:/prog/STM32/STM32CubeIDE_1.18.1/STM32CubeIDE/plugins/com.st.stm32cube.ide.mcu.externaltools.gnu-tools-for-stm32.13.3.rel1.win32_1.0.0.202411081344/tools/bin/../lib/gcc/arm-none-eabi/13.3.1/../../../../arm-none-eabi/lib/thumb/v7e-m+fp/hard\libc.a(libc_a-__call_atexit.o)
                0x20000000                __atexit_recursive_mutex
 *(.RamFunc)
 *(.RamFunc*)
                0x20000004                        . = ALIGN (0x4)
                0x20000004                        _edata = .

.igot.plt       0x20000004        0x0 load address 0x080008a4
 .igot.plt      0x20000004        0x0 E:/prog/STM32/STM32CubeIDE_1.18.1/STM32CubeIDE/plugins/com.st.stm32cube.ide.mcu.externaltools.gnu-tools-for-stm32.13.3.rel1.win32_1.0.0.202411081344/tools/bin/../lib/gcc/arm-none-eabi/13.3.1/thumb/v7e-m+fp/hard/crtbegin.o
                0x20000004                        . = ALIGN (0x4)

.bss            0x20000004      0x1b4 load address 0x080008a4
                0x20000004                        _sbss = .
                0x20000004                        __bss_start__ = _sbss
 *(.bss)
 .bss           0x20000004       0x1c E:/prog/STM32/STM32CubeIDE_1.18.1/STM32CubeIDE/plugins/com.st.stm32cube.ide.mcu.externaltools.gnu-tools-for-stm32.13.3.rel1.win32_1.0.0.202411081344/tools/bin/../lib/gcc/arm-none-eabi/13.3.1/thumb/v7e-m+fp/hard/crtbegin.o
 *(.bss*)
 .bss.__lock___atexit_recursive_mutex
                0x20000020        0x1 E:/prog/STM32/STM32CubeIDE_1.18.1/STM32CubeIDE/plugins/com.st.stm32cube.ide.mcu.externaltools.gnu-tools-for-stm32.13.3.rel1.win32_1.0.0.202411081344/tools/bin/../lib/gcc/arm-none-eabi/13.3.1/../../../../arm-none-eabi/lib/thumb/v7e-m+fp/hard\libc.a(libc_a-lock.o)
                0x20000020                __lock___atexit_recursive_mutex
 *fill*         0x20000021        0x3 
 .bss.__atexit  0x20000024        0x4 E:/prog/STM32/STM32CubeIDE_1.18.1/STM32CubeIDE/plugins/com.st.stm32cube.ide.mcu.externaltools.gnu-tools-for-stm32.13.3.rel1.win32_1.0.0.202411081344/tools/bin/../lib/gcc/arm-none-eabi/13.3.1/../../../../arm-none-eabi/lib/thumb/v7e-m+fp/hard\libc.a(libc_a-__call_atexit.o)
                0x20000024                __atexit
 .bss.__atexit0
                0x20000028      0x190 E:/prog/STM32/STM32CubeIDE_1.18.1/STM32CubeIDE/plugins/com.st.stm32cube.ide.mcu.externaltools.gnu-tools-for-stm32.13.3.rel1.win32_1.0.0.202411081344/tools/bin/../lib/gcc/arm-none-eabi/13.3.1/../../../../arm-none-eabi/lib/thumb/v7e-m+fp/hard\libc.a(libc_a-__atexit.o)
                0x20000028                __atexit0
 *(COMMON)
                0x200001b8                        . = ALIGN (0x4)
                0x200001b8                        _ebss = .
                0x200001b8                        __bss_end__ = _ebss

._user_heap_stack
                0x200001b8      0x600 load address 0x080008a4
                0x200001b8                        . = ALIGN (0x8)
                [!provide]                        PROVIDE (end = .)
                [!provide]                        PROVIDE (_end = .)
                0x200003b8                        . = (. + _Min_Heap_Size)
 *fill*         0x200001b8      0x200 
                0x200007b8                        . = (. + _Min_Stack_Size)
 *fill*         0x200003b8      0x400 
                0x200007b8                        . = ALIGN (0x8)

/DISCARD/
 libc.a(*)
 libm.a(*)
 libgcc.a(*)

.ARM.attributes
                0x00000000       0x30
 *(.ARM.attributes)
 .ARM.attributes
                0x00000000       0x22 E:/prog/STM32/STM32CubeIDE_1.18.1/STM32CubeIDE/plugins/com.st.stm32cube.ide.mcu.externaltools.gnu-tools-for-stm32.13.3.rel1.win32_1.0.0.202411081344/tools/bin/../lib/gcc/arm-none-eabi/13.3.1/thumb/v7e-m+fp/hard/crti.o
 .ARM.attributes
                0x00000022       0x34 E:/prog/STM32/STM32CubeIDE_1.18.1/STM32CubeIDE/plugins/com.st.stm32cube.ide.mcu.externaltools.gnu-tools-for-stm32.13.3.rel1.win32_1.0.0.202411081344/tools/bin/../lib/gcc/arm-none-eabi/13.3.1/thumb/v7e-m+fp/hard/crtbegin.o
 .ARM.attributes
                0x00000056       0x34 ./Src/002led_button_f446re.o
 .ARM.attributes
                0x0000008a       0x21 ./Startup/startup_stm32f446retx.o
 .ARM.attributes
                0x000000ab       0x34 ./drivers/Src/stm32f446xx_gpio_driver.o
 .ARM.attributes
                0x000000df       0x34 E:/prog/STM32/STM32CubeIDE_1.18.1/STM32CubeIDE/plugins/com.st.stm32cube.ide.mcu.externaltools.gnu-tools-for-stm32.13.3.rel1.win32_1.0.0.202411081344/tools/bin/../lib/gcc/arm-none-eabi/13.3.1/../../../../arm-none-eabi/lib/thumb/v7e-m+fp/hard\libc.a(libc_a-init.o)
 .ARM.attributes
                0x00000113       0x34 E:/prog/STM32/STM32CubeIDE_1.18.1/STM32CubeIDE/plugins/com.st.stm32cube.ide.mcu.externaltools.gnu-tools-for-stm32.13.3.rel1.win32_1.0.0.202411081344/tools/bin/../lib/gcc/arm-none-eabi/13.3.1/../../../../arm-none-eabi/lib/thumb/v7e-m+fp/hard\libc.a(libc_a-lock.o)
 .ARM.attributes
                0x00000147       0x34 E:/prog/STM32/STM32CubeIDE_1.18.1/STM32CubeIDE/plugins/com.st.stm32cube.ide.mcu.externaltools.gnu-tools-for-stm32.13.3.rel1.win32_1.0.0.202411081344/tools/bin/../lib/gcc/arm-none-eabi/13.3.1/../../../../arm-none-eabi/lib/thumb/v7e-m+fp/hard\libc.a(libc_a-__call_atexit.o)
 .ARM.attributes
                0x0000017b       0x34 E:/prog/STM32/STM32CubeIDE_1.18.1/STM32CubeIDE/plugins/com.st.stm32cube.ide.mcu.externaltools.gnu-tools-for-stm32.13.3.rel1.win32_1.0.0.202411081344/tools/bin/../lib/gcc/arm-none-eabi/13.3.1/../../../../arm-none-eabi/lib/thumb/v7e-m+fp/hard\libc.a(libc_a-atexit.o)
 .ARM.attributes
                0x000001af       0x34 E:/prog/STM32/STM32CubeIDE_1.18.1/STM32CubeIDE/plugins/com.st.stm32cube.ide.mcu.externaltools.gnu-tools-for-stm32.13.3.rel1.win32_1.0.0.202411081344/tools/bin/../lib/gcc/arm-none-eabi/13.3.1/../../../../arm-none-eabi/lib/thumb/v7e-m+fp/hard\libc.a(libc_a-fini.o)
 .ARM.attributes
                0x000001e3       0x34 E:/prog/STM32/STM32CubeIDE_1.18.1/STM32CubeIDE/plugins/com.st.stm32cube.ide.mcu.externaltools.gnu-tools-for-stm32.13.3.rel1.win32_1.0.0.202411081344/tools/bin/../lib/gcc/arm-none-eabi/13.3.1/../../../../arm-none-eabi/lib/thumb/v7e-m+fp/hard\libc.a(libc_a-__atexit.o)
 .ARM.attributes
                0x00000217       0x22 E:/prog/STM32/STM32CubeIDE_1.18.1/STM32CubeIDE/plugins/com.st.stm32cube.ide.mcu.externaltools.gnu-tools-for-stm32.13.3.rel1.win32_1.0.0.202411081344/tools/bin/../lib/gcc/arm-none-eabi/13.3.1/thumb/v7e-m+fp/hard/crtn.o
OUTPUT(f446re_drivers.elf elf32-littlearm)
LOAD linker stubs
LOAD E:/prog/STM32/STM32CubeIDE_1.18.1/STM32CubeIDE/plugins/com.st.stm32cube.ide.mcu.externaltools.gnu-tools-for-stm32.13.3.rel1.win32_1.0.0.202411081344/tools/bin/../lib/gcc/arm-none-eabi/13.3.1/../../../../arm-none-eabi/lib/thumb/v7e-m+fp/hard\libc.a
LOAD E:/prog/STM32/STM32CubeIDE_1.18.1/STM32CubeIDE/plugins/com.st.stm32cube.ide.mcu.externaltools.gnu-tools-for-stm32.13.3.rel1.win32_1.0.0.202411081344/tools/bin/../lib/gcc/arm-none-eabi/13.3.1/../../../../arm-none-eabi/lib/thumb/v7e-m+fp/hard\libm.a
LOAD E:/prog/STM32/STM32CubeIDE_1.18.1/STM32CubeIDE/plugins/com.st.stm32cube.ide.mcu.externaltools.gnu-tools-for-stm32.13.3.rel1.win32_1.0.0.202411081344/tools/bin/../lib/gcc/arm-none-eabi/13.3.1/thumb/v7e-m+fp/hard\libgcc.a

.debug_info     0x00000000      0xa42
 .debug_info    0x00000000      0x296 ./Src/002led_button_f446re.o
 .debug_info    0x00000296       0x30 ./Startup/startup_stm32f446retx.o
 .debug_info    0x000002c6      0x77c ./drivers/Src/stm32f446xx_gpio_driver.o

.debug_abbrev   0x00000000      0x2c6
 .debug_abbrev  0x00000000      0x12a ./Src/002led_button_f446re.o
 .debug_abbrev  0x0000012a       0x24 ./Startup/startup_stm32f446retx.o
 .debug_abbrev  0x0000014e      0x178 ./drivers/Src/stm32f446xx_gpio_driver.o

.debug_aranges  0x00000000       0xc0
 .debug_aranges
                0x00000000       0x28 ./Src/002led_button_f446re.o
 .debug_aranges
                0x00000028       0x28 ./Startup/startup_stm32f446retx.o
 .debug_aranges
                0x00000050       0x70 ./drivers/Src/stm32f446xx_gpio_driver.o

.debug_rnglists
                0x00000000       0x85
 .debug_rnglists
                0x00000000       0x19 ./Src/002led_button_f446re.o
 .debug_rnglists
                0x00000019       0x19 ./Startup/startup_stm32f446retx.o
 .debug_rnglists
                0x00000032       0x53 ./drivers/Src/stm32f446xx_gpio_driver.o

.debug_macro    0x00000000     0x19ee
 .debug_macro   0x00000000       0xaf ./Src/002led_button_f446re.o
 .debug_macro   0x000000af      0xae4 ./Src/002led_button_f446re.o
 .debug_macro   0x00000b93      0x190 ./Src/002led_button_f446re.o
 .debug_macro   0x00000d23       0x22 ./Src/002led_button_f446re.o
 .debug_macro   0x00000d45       0x8e ./Src/002led_button_f446re.o
 .debug_macro   0x00000dd3       0x51 ./Src/002led_button_f446re.o
 .debug_macro   0x00000e24      0x103 ./Src/002led_button_f446re.o
 .debug_macro   0x00000f27       0x6a ./Src/002led_button_f446re.o
 .debug_macro   0x00000f91      0x1df ./Src/002led_button_f446re.o
 .debug_macro   0x00001170      0x659 ./Src/002led_button_f446re.o
 .debug_macro   0x000017c9       0xc4 ./Src/002led_button_f446re.o
 .debug_macro   0x0000188d       0xbe ./Src/002led_button_f446re.o
 .debug_macro   0x0000194b       0xa3 ./drivers/Src/stm32f446xx_gpio_driver.o

.debug_line     0x00000000      0xee8
 .debug_line    0x00000000      0x4eb ./Src/002led_button_f446re.o
 .debug_line    0x000004eb       0x7b ./Startup/startup_stm32f446retx.o
 .debug_line    0x00000566      0x982 ./drivers/Src/stm32f446xx_gpio_driver.o

.debug_str      0x00000000     0x62c1
 .debug_str     0x00000000     0x62c1 ./Src/002led_button_f446re.o
                               0x61cc (size before relaxing)
 .debug_str     0x000062c1       0x6e ./Startup/startup_stm32f446retx.o
 .debug_str     0x000062c1     0x6426 ./drivers/Src/stm32f446xx_gpio_driver.o

.comment        0x00000000       0x43
 .comment       0x00000000       0x43 ./Src/002led_button_f446re.o
                                 0x44 (size before relaxing)
 .comment       0x00000043       0x44 ./drivers/Src/stm32f446xx_gpio_driver.o

.debug_frame    0x00000000      0x3e0
 .debug_frame   0x00000000       0x58 ./Src/002led_button_f446re.o
 .debug_frame   0x00000058      0x1c8 ./drivers/Src/stm32f446xx_gpio_driver.o
 .debug_frame   0x00000220       0x2c E:/prog/STM32/STM32CubeIDE_1.18.1/STM32CubeIDE/plugins/com.st.stm32cube.ide.mcu.externaltools.gnu-tools-for-stm32.13.3.rel1.win32_1.0.0.202411081344/tools/bin/../lib/gcc/arm-none-eabi/13.3.1/../../../../arm-none-eabi/lib/thumb/v7e-m+fp/hard\libc.a(libc_a-init.o)
 .debug_frame   0x0000024c       0xb0 E:/prog/STM32/STM32CubeIDE_1.18.1/STM32CubeIDE/plugins/com.st.stm32cube.ide.mcu.externaltools.gnu-tools-for-stm32.13.3.rel1.win32_1.0.0.202411081344/tools/bin/../lib/gcc/arm-none-eabi/13.3.1/../../../../arm-none-eabi/lib/thumb/v7e-m+fp/hard\libc.a(libc_a-lock.o)
 .debug_frame   0x000002fc       0x58 E:/prog/STM32/STM32CubeIDE_1.18.1/STM32CubeIDE/plugins/com.st.stm32cube.ide.mcu.externaltools.gnu-tools-for-stm32.13.3.rel1.win32_1.0.0.202411081344/tools/bin/../lib/gcc/arm-none-eabi/13.3.1/../../../../arm-none-eabi/lib/thumb/v7e-m+fp/hard\libc.a(libc_a-__call_atexit.o)
 .debug_frame   0x00000354       0x20 E:/prog/STM32/STM32CubeIDE_1.18.1/STM32CubeIDE/plugins/com.st.stm32cube.ide.mcu.externaltools.gnu-tools-for-stm32.13.3.rel1.win32_1.0.0.202411081344/tools/bin/../lib/gcc/arm-none-eabi/13.3.1/../../../../arm-none-eabi/lib/thumb/v7e-m+fp/hard\libc.a(libc_a-atexit.o)
 .debug_frame   0x00000374       0x38 E:/prog/STM32/STM32CubeIDE_1.18.1/STM32CubeIDE/plugins/com.st.stm32cube.ide.mcu.externaltools.gnu-tools-for-stm32.13.3.rel1.win32_1.0.0.202411081344/tools/bin/../lib/gcc/arm-none-eabi/13.3.1/../../../../arm-none-eabi/lib/thumb/v7e-m+fp/hard\libc.a(libc_a-fini.o)
 .debug_frame   0x000003ac       0x34 E:/prog/STM32/STM32CubeIDE_1.18.1/STM32CubeIDE/plugins/com.st.stm32cube.ide.mcu.externaltools.gnu-tools-for-stm32.13.3.rel1.win32_1.0.0.202411081344/tools/bin/../lib/gcc/arm-none-eabi/13.3.1/../../../../arm-none-eabi/lib/thumb/v7e-m+fp/hard\libc.a(libc_a-__atexit.o)

.debug_line_str
                0x00000000       0x52
 .debug_line_str
                0x00000000       0x52 ./Startup/startup_stm32f446retx.o
