14:55:40 **** Build of configuration Debug for project f446re_drivers ****
make -j12 all 
arm-none-eabi-gcc "../drivers/Src/stm32f446xx_gpio_driver.c" -mcpu=cortex-m4 -std=gnu11 -g3 -DDEBUG -DSTM32 -DSTM32F4 -DSTM32F446RETx -DNUCLEO_F446RE -c -I"E:/DRDO internship/Nucleo/f446re_drivers/drivers/Inc" -I"E:/DRDO internship/Nucleo/f446re_drivers/Src" -I"E:/DRDO internship/Nucleo/f446re_drivers/drivers/Src" -O0 -ffunction-sections -fdata-sections -Wall -fstack-usage -fcyclomatic-complexity -MMD -MP -MF"drivers/Src/stm32f446xx_gpio_driver.d" -MT"drivers/Src/stm32f446xx_gpio_driver.o"  -mfpu=fpv4-sp-d16 -mfloat-abi=hard -mthumb -o "drivers/Src/stm32f446xx_gpio_driver.o"
arm-none-eabi-gcc "../drivers/Src/stm32f446xx_spi_driver.c" -mcpu=cortex-m4 -std=gnu11 -g3 -DDEBUG -DSTM32 -DSTM32F4 -DSTM32F446RETx -DNUCLEO_F446RE -c -I"E:/DRDO internship/Nucleo/f446re_drivers/drivers/Inc" -I"E:/DRDO internship/Nucleo/f446re_drivers/Src" -I"E:/DRDO internship/Nucleo/f446re_drivers/drivers/Src" -O0 -ffunction-sections -fdata-sections -Wall -fstack-usage -fcyclomatic-complexity -MMD -MP -MF"drivers/Src/stm32f446xx_spi_driver.d" -MT"drivers/Src/stm32f446xx_spi_driver.o"  -mfpu=fpv4-sp-d16 -mfloat-abi=hard -mthumb -o "drivers/Src/stm32f446xx_spi_driver.o"
arm-none-eabi-gcc -mcpu=cortex-m4 -g3 -DDEBUG -c -x assembler-with-cpp -MMD -MP -MF"Startup/startup_stm32f446retx.d" -MT"Startup/startup_stm32f446retx.o"  -mfpu=fpv4-sp-d16 -mfloat-abi=hard -mthumb -o "Startup/startup_stm32f446retx.o" "../Startup/startup_stm32f446retx.s"
arm-none-eabi-gcc "../Src/007spi_txonly_arduino.c" -mcpu=cortex-m4 -std=gnu11 -g3 -DDEBUG -DSTM32 -DSTM32F4 -DSTM32F446RETx -DNUCLEO_F446RE -c -I"E:/DRDO internship/Nucleo/f446re_drivers/drivers/Inc" -I"E:/DRDO internship/Nucleo/f446re_drivers/Src" -I"E:/DRDO internship/Nucleo/f446re_drivers/drivers/Src" -O0 -ffunction-sections -fdata-sections -Wall -fstack-usage -fcyclomatic-complexity -MMD -MP -MF"Src/007spi_txonly_arduino.d" -MT"Src/007spi_txonly_arduino.o"  -mfpu=fpv4-sp-d16 -mfloat-abi=hard -mthumb -o "Src/007spi_txonly_arduino.o"
arm-none-eabi-gcc -o "f446re_drivers.elf" @"objects.list"   -mcpu=cortex-m4 -T"E:\DRDO internship\Nucleo\f446re_drivers\STM32F446RETX_FLASH.ld" --specs=nosys.specs -Wl,-Map="f446re_drivers.map" -Wl,--gc-sections -nodefaultlibs -static  -mfpu=fpv4-sp-d16 -mfloat-abi=hard -mthumb -Wl,--start-group -lc -lm -Wl,--end-group
Finished building target: f446re_drivers.elf
 
arm-none-eabi-size  f446re_drivers.elf 
arm-none-eabi-objdump -h -S f446re_drivers.elf  > "f446re_drivers.list"
   text	   data	    bss	    dec	    hex	filename
   3300	      4	   1972	   5276	   149c	f446re_drivers.elf
Finished building: default.size.stdout
 
Finished building: f446re_drivers.list
 

14:55:44 Build Finished. 0 errors, 0 warnings. (took 3s.391ms)

