14:07:18 **** Build of configuration Debug for project f446re_drivers ****
make -j12 all 
arm-none-eabi-gcc "../drivers/Src/stm32f446xx_gpio_driver.c" -mcpu=cortex-m4 -std=gnu11 -g3 -DDEBUG -DSTM32 -DSTM32F4 -DSTM32F446RETx -DNUCLEO_F446RE -c -I"E:/DRDO internship/Nucleo/f446re_drivers/drivers/Inc" -I"E:/DRDO internship/Nucleo/f446re_drivers/Src" -I"E:/DRDO internship/Nucleo/f446re_drivers/drivers/Src" -O0 -ffunction-sections -fdata-sections -Wall -fstack-usage -fcyclomatic-complexity -MMD -MP -MF"drivers/Src/stm32f446xx_gpio_driver.d" -MT"drivers/Src/stm32f446xx_gpio_driver.o"  -mfpu=fpv4-sp-d16 -mfloat-abi=hard -mthumb -o "drivers/Src/stm32f446xx_gpio_driver.o"
arm-none-eabi-gcc "../drivers/Src/stm32f446xx_spi_driver.c" -mcpu=cortex-m4 -std=gnu11 -g3 -DDEBUG -DSTM32 -DSTM32F4 -DSTM32F446RETx -DNUCLEO_F446RE -c -I"E:/DRDO internship/Nucleo/f446re_drivers/drivers/Inc" -I"E:/DRDO internship/Nucleo/f446re_drivers/Src" -I"E:/DRDO internship/Nucleo/f446re_drivers/drivers/Src" -O0 -ffunction-sections -fdata-sections -Wall -fstack-usage -fcyclomatic-complexity -MMD -MP -MF"drivers/Src/stm32f446xx_spi_driver.d" -MT"drivers/Src/stm32f446xx_spi_driver.o"  -mfpu=fpv4-sp-d16 -mfloat-abi=hard -mthumb -o "drivers/Src/stm32f446xx_spi_driver.o"
arm-none-eabi-gcc -mcpu=cortex-m4 -g3 -DDEBUG -c -x assembler-with-cpp -MMD -MP -MF"Startup/startup_stm32f446retx.d" -MT"Startup/startup_stm32f446retx.o"  -mfpu=fpv4-sp-d16 -mfloat-abi=hard -mthumb -o "Startup/startup_stm32f446retx.o" "../Startup/startup_stm32f446retx.s"
arm-none-eabi-gcc "../Src/006spi_tx_testing.c" -mcpu=cortex-m4 -std=gnu11 -g3 -DDEBUG -DSTM32 -DSTM32F4 -DSTM32F446RETx -DNUCLEO_F446RE -c -I"E:/DRDO internship/Nucleo/f446re_drivers/drivers/Inc" -I"E:/DRDO internship/Nucleo/f446re_drivers/Src" -I"E:/DRDO internship/Nucleo/f446re_drivers/drivers/Src" -O0 -ffunction-sections -fdata-sections -Wall -fstack-usage -fcyclomatic-complexity -MMD -MP -MF"Src/006spi_tx_testing.d" -MT"Src/006spi_tx_testing.o"  -mfpu=fpv4-sp-d16 -mfloat-abi=hard -mthumb -o "Src/006spi_tx_testing.o"
arm-none-eabi-gcc -o "f446re_drivers.elf" @"objects.list"   -mcpu=cortex-m4 -T"E:\DRDO internship\Nucleo\f446re_drivers\STM32F446RETX_FLASH.ld" --specs=nosys.specs -Wl,-Map="f446re_drivers.map" -Wl,--gc-sections -nodefaultlibs -static  -mfpu=fpv4-sp-d16 -mfloat-abi=hard -mthumb -Wl,--start-group -lc -lm -Wl,--end-group
Finished building target: f446re_drivers.elf
 
arm-none-eabi-size  f446re_drivers.elf 
arm-none-eabi-objdump -h -S f446re_drivers.elf  > "f446re_drivers.list"
   text	   data	    bss	    dec	    hex	filename
   2884	      4	   1972	   4860	   12fc	f446re_drivers.elf
Finished building: default.size.stdout
 
Finished building: f446re_drivers.list
 
18:40:55 **** Clean-only build of configuration Debug for project f446re_drivers ****
make -j12 clean 
rm -rf ./drivers/Src/stm32f446xx_gpio_driver.cyclo ./drivers/Src/stm32f446xx_gpio_driver.d ./drivers/Src/stm32f446xx_gpio_driver.o ./drivers/Src/stm32f446xx_gpio_driver.su ./drivers/Src/stm32f446xx_spi_driver.cyclo ./drivers/Src/stm32f446xx_spi_driver.d ./drivers/Src/stm32f446xx_spi_driver.o ./drivers/Src/stm32f446xx_spi_driver.su
rm -rf ./Startup/startup_stm32f446retx.d ./Startup/startup_stm32f446retx.o
rm -rf ./Src/006spi_tx_testing.cyclo ./Src/006spi_tx_testing.d ./Src/006spi_tx_testing.o ./Src/006spi_tx_testing.su
rm -rf default.size.stdout f446re_drivers.elf f446re_drivers.list f446re_drivers.map
 
18:40:56 **** Incremental Build of configuration Debug for project f446re_drivers ****
make -j12 all 
arm-none-eabi-gcc "../drivers/Src/stm32f446xx_gpio_driver.c" -mcpu=cortex-m4 -std=gnu11 -g3 -DDEBUG -DSTM32 -DSTM32F4 -DSTM32F446RETx -DNUCLEO_F446RE -c -I"E:/DRDO internship/Nucleo/f446re_drivers/drivers/Inc" -I"E:/DRDO internship/Nucleo/f446re_drivers/Src" -I"E:/DRDO internship/Nucleo/f446re_drivers/drivers/Src" -O0 -ffunction-sections -fdata-sections -Wall -fstack-usage -fcyclomatic-complexity -MMD -MP -MF"drivers/Src/stm32f446xx_gpio_driver.d" -MT"drivers/Src/stm32f446xx_gpio_driver.o"  -mfpu=fpv4-sp-d16 -mfloat-abi=hard -mthumb -o "drivers/Src/stm32f446xx_gpio_driver.o"
arm-none-eabi-gcc "../drivers/Src/stm32f446xx_spi_driver.c" -mcpu=cortex-m4 -std=gnu11 -g3 -DDEBUG -DSTM32 -DSTM32F4 -DSTM32F446RETx -DNUCLEO_F446RE -c -I"E:/DRDO internship/Nucleo/f446re_drivers/drivers/Inc" -I"E:/DRDO internship/Nucleo/f446re_drivers/Src" -I"E:/DRDO internship/Nucleo/f446re_drivers/drivers/Src" -O0 -ffunction-sections -fdata-sections -Wall -fstack-usage -fcyclomatic-complexity -MMD -MP -MF"drivers/Src/stm32f446xx_spi_driver.d" -MT"drivers/Src/stm32f446xx_spi_driver.o"  -mfpu=fpv4-sp-d16 -mfloat-abi=hard -mthumb -o "drivers/Src/stm32f446xx_spi_driver.o"
arm-none-eabi-gcc -mcpu=cortex-m4 -g3 -DDEBUG -c -x assembler-with-cpp -MMD -MP -MF"Startup/startup_stm32f446retx.d" -MT"Startup/startup_stm32f446retx.o"  -mfpu=fpv4-sp-d16 -mfloat-abi=hard -mthumb -o "Startup/startup_stm32f446retx.o" "../Startup/startup_stm32f446retx.s"
arm-none-eabi-gcc "../Src/006spi_tx_testing.c" -mcpu=cortex-m4 -std=gnu11 -g3 -DDEBUG -DSTM32 -DSTM32F4 -DSTM32F446RETx -DNUCLEO_F446RE -c -I"E:/DRDO internship/Nucleo/f446re_drivers/drivers/Inc" -I"E:/DRDO internship/Nucleo/f446re_drivers/Src" -I"E:/DRDO internship/Nucleo/f446re_drivers/drivers/Src" -O0 -ffunction-sections -fdata-sections -Wall -fstack-usage -fcyclomatic-complexity -MMD -MP -MF"Src/006spi_tx_testing.d" -MT"Src/006spi_tx_testing.o"  -mfpu=fpv4-sp-d16 -mfloat-abi=hard -mthumb -o "Src/006spi_tx_testing.o"
arm-none-eabi-gcc -o "f446re_drivers.elf" @"objects.list"   -mcpu=cortex-m4 -T"E:\DRDO internship\Nucleo\f446re_drivers\STM32F446RETX_FLASH.ld" --specs=nosys.specs -Wl,-Map="f446re_drivers.map" -Wl,--gc-sections -nodefaultlibs -static  -mfpu=fpv4-sp-d16 -mfloat-abi=hard -mthumb -Wl,--start-group -lc -lm -Wl,--end-group
Finished building target: f446re_drivers.elf
 
arm-none-eabi-size  f446re_drivers.elf 
arm-none-eabi-objdump -h -S f446re_drivers.elf  > "f446re_drivers.list"
   text	   data	    bss	    dec	    hex	filename
   2876	      4	   1972	   4852	   12f4	f446re_drivers.elf
Finished building: default.size.stdout
 
Finished building: f446re_drivers.list
 
18:41:04 **** Incremental Build of configuration Debug for project f446re_drivers ****
make -j12 all 
arm-none-eabi-size  f446re_drivers.elf 
   text	   data	    bss	    dec	    hex	filename
   2876	      4	   1972	   4852	   12f4	f446re_drivers.elf
Finished building: default.size.stdout
 
20:37:42 **** Clean-only build of configuration Debug for project f446re_drivers ****
make -j12 clean 
rm -rf ./drivers/Src/stm32f446xx_gpio_driver.cyclo ./drivers/Src/stm32f446xx_gpio_driver.d ./drivers/Src/stm32f446xx_gpio_driver.o ./drivers/Src/stm32f446xx_gpio_driver.su ./drivers/Src/stm32f446xx_spi_driver.cyclo ./drivers/Src/stm32f446xx_spi_driver.d ./drivers/Src/stm32f446xx_spi_driver.o ./drivers/Src/stm32f446xx_spi_driver.su
rm -rf ./Startup/startup_stm32f446retx.d ./Startup/startup_stm32f446retx.o
rm -rf ./Src/006spi_tx_testing.cyclo ./Src/006spi_tx_testing.d ./Src/006spi_tx_testing.o ./Src/006spi_tx_testing.su
rm -rf default.size.stdout f446re_drivers.elf f446re_drivers.list f446re_drivers.map
 
20:37:43 **** Build of configuration Debug for project f446re_drivers ****
make -j12 all 
arm-none-eabi-gcc "../drivers/Src/stm32f446xx_gpio_driver.c" -mcpu=cortex-m4 -std=gnu11 -g3 -DDEBUG -DSTM32 -DSTM32F4 -DSTM32F446RETx -DNUCLEO_F446RE -c -I"E:/DRDO internship/Nucleo/f446re_drivers/drivers/Inc" -I"E:/DRDO internship/Nucleo/f446re_drivers/Src" -I"E:/DRDO internship/Nucleo/f446re_drivers/drivers/Src" -O0 -ffunction-sections -fdata-sections -Wall -fstack-usage -fcyclomatic-complexity -MMD -MP -MF"drivers/Src/stm32f446xx_gpio_driver.d" -MT"drivers/Src/stm32f446xx_gpio_driver.o"  -mfpu=fpv4-sp-d16 -mfloat-abi=hard -mthumb -o "drivers/Src/stm32f446xx_gpio_driver.o"
arm-none-eabi-gcc "../drivers/Src/stm32f446xx_spi_driver.c" -mcpu=cortex-m4 -std=gnu11 -g3 -DDEBUG -DSTM32 -DSTM32F4 -DSTM32F446RETx -DNUCLEO_F446RE -c -I"E:/DRDO internship/Nucleo/f446re_drivers/drivers/Inc" -I"E:/DRDO internship/Nucleo/f446re_drivers/Src" -I"E:/DRDO internship/Nucleo/f446re_drivers/drivers/Src" -O0 -ffunction-sections -fdata-sections -Wall -fstack-usage -fcyclomatic-complexity -MMD -MP -MF"drivers/Src/stm32f446xx_spi_driver.d" -MT"drivers/Src/stm32f446xx_spi_driver.o"  -mfpu=fpv4-sp-d16 -mfloat-abi=hard -mthumb -o "drivers/Src/stm32f446xx_spi_driver.o"
arm-none-eabi-gcc -mcpu=cortex-m4 -g3 -DDEBUG -c -x assembler-with-cpp -MMD -MP -MF"Startup/startup_stm32f446retx.d" -MT"Startup/startup_stm32f446retx.o"  -mfpu=fpv4-sp-d16 -mfloat-abi=hard -mthumb -o "Startup/startup_stm32f446retx.o" "../Startup/startup_stm32f446retx.s"
arm-none-eabi-gcc "../Src/006spi_tx_testing.c" -mcpu=cortex-m4 -std=gnu11 -g3 -DDEBUG -DSTM32 -DSTM32F4 -DSTM32F446RETx -DNUCLEO_F446RE -c -I"E:/DRDO internship/Nucleo/f446re_drivers/drivers/Inc" -I"E:/DRDO internship/Nucleo/f446re_drivers/Src" -I"E:/DRDO internship/Nucleo/f446re_drivers/drivers/Src" -O0 -ffunction-sections -fdata-sections -Wall -fstack-usage -fcyclomatic-complexity -MMD -MP -MF"Src/006spi_tx_testing.d" -MT"Src/006spi_tx_testing.o"  -mfpu=fpv4-sp-d16 -mfloat-abi=hard -mthumb -o "Src/006spi_tx_testing.o"
arm-none-eabi-gcc -o "f446re_drivers.elf" @"objects.list"   -mcpu=cortex-m4 -T"E:\DRDO internship\Nucleo\f446re_drivers\STM32F446RETX_FLASH.ld" --specs=nosys.specs -Wl,-Map="f446re_drivers.map" -Wl,--gc-sections -nodefaultlibs -static  -mfpu=fpv4-sp-d16 -mfloat-abi=hard -mthumb -Wl,--start-group -lc -lm -Wl,--end-group
Finished building target: f446re_drivers.elf
 
arm-none-eabi-size  f446re_drivers.elf 
arm-none-eabi-objdump -h -S f446re_drivers.elf  > "f446re_drivers.list"
   text	   data	    bss	    dec	    hex	filename
   2876	      4	   1972	   4852	   12f4	f446re_drivers.elf
Finished building: default.size.stdout
 
Finished building: f446re_drivers.list
 
20:38:55 **** Clean-only build of configuration Debug for project f446re_drivers ****
make -j12 clean 
rm -rf ./drivers/Src/stm32f446xx_gpio_driver.cyclo ./drivers/Src/stm32f446xx_gpio_driver.d ./drivers/Src/stm32f446xx_gpio_driver.o ./drivers/Src/stm32f446xx_gpio_driver.su ./drivers/Src/stm32f446xx_spi_driver.cyclo ./drivers/Src/stm32f446xx_spi_driver.d ./drivers/Src/stm32f446xx_spi_driver.o ./drivers/Src/stm32f446xx_spi_driver.su
rm -rf ./Startup/startup_stm32f446retx.d ./Startup/startup_stm32f446retx.o
rm -rf ./Src/006spi_tx_testing.cyclo ./Src/006spi_tx_testing.d ./Src/006spi_tx_testing.o ./Src/006spi_tx_testing.su
rm -rf default.size.stdout f446re_drivers.elf f446re_drivers.list f446re_drivers.map
 
20:38:55 **** Incremental Build of configuration Debug for project f446re_drivers ****
make -j12 all 
arm-none-eabi-gcc "../drivers/Src/stm32f446xx_gpio_driver.c" -mcpu=cortex-m4 -std=gnu11 -g3 -DDEBUG -DSTM32 -DSTM32F4 -DSTM32F446RETx -DNUCLEO_F446RE -c -I"E:/DRDO internship/Nucleo/f446re_drivers/drivers/Inc" -I"E:/DRDO internship/Nucleo/f446re_drivers/Src" -I"E:/DRDO internship/Nucleo/f446re_drivers/drivers/Src" -O0 -ffunction-sections -fdata-sections -Wall -fstack-usage -fcyclomatic-complexity -MMD -MP -MF"drivers/Src/stm32f446xx_gpio_driver.d" -MT"drivers/Src/stm32f446xx_gpio_driver.o"  -mfpu=fpv4-sp-d16 -mfloat-abi=hard -mthumb -o "drivers/Src/stm32f446xx_gpio_driver.o"
arm-none-eabi-gcc "../drivers/Src/stm32f446xx_spi_driver.c" -mcpu=cortex-m4 -std=gnu11 -g3 -DDEBUG -DSTM32 -DSTM32F4 -DSTM32F446RETx -DNUCLEO_F446RE -c -I"E:/DRDO internship/Nucleo/f446re_drivers/drivers/Inc" -I"E:/DRDO internship/Nucleo/f446re_drivers/Src" -I"E:/DRDO internship/Nucleo/f446re_drivers/drivers/Src" -O0 -ffunction-sections -fdata-sections -Wall -fstack-usage -fcyclomatic-complexity -MMD -MP -MF"drivers/Src/stm32f446xx_spi_driver.d" -MT"drivers/Src/stm32f446xx_spi_driver.o"  -mfpu=fpv4-sp-d16 -mfloat-abi=hard -mthumb -o "drivers/Src/stm32f446xx_spi_driver.o"
arm-none-eabi-gcc -mcpu=cortex-m4 -g3 -DDEBUG -c -x assembler-with-cpp -MMD -MP -MF"Startup/startup_stm32f446retx.d" -MT"Startup/startup_stm32f446retx.o"  -mfpu=fpv4-sp-d16 -mfloat-abi=hard -mthumb -o "Startup/startup_stm32f446retx.o" "../Startup/startup_stm32f446retx.s"
arm-none-eabi-gcc "../Src/007spi_txonly_arduino.c" -mcpu=cortex-m4 -std=gnu11 -g3 -DDEBUG -DSTM32 -DSTM32F4 -DSTM32F446RETx -DNUCLEO_F446RE -c -I"E:/DRDO internship/Nucleo/f446re_drivers/drivers/Inc" -I"E:/DRDO internship/Nucleo/f446re_drivers/Src" -I"E:/DRDO internship/Nucleo/f446re_drivers/drivers/Src" -O0 -ffunction-sections -fdata-sections -Wall -fstack-usage -fcyclomatic-complexity -MMD -MP -MF"Src/007spi_txonly_arduino.d" -MT"Src/007spi_txonly_arduino.o"  -mfpu=fpv4-sp-d16 -mfloat-abi=hard -mthumb -o "Src/007spi_txonly_arduino.o"
arm-none-eabi-gcc -o "f446re_drivers.elf" @"objects.list"   -mcpu=cortex-m4 -T"E:\DRDO internship\Nucleo\f446re_drivers\STM32F446RETX_FLASH.ld" --specs=nosys.specs -Wl,-Map="f446re_drivers.map" -Wl,--gc-sections -nodefaultlibs -static  -mfpu=fpv4-sp-d16 -mfloat-abi=hard -mthumb -Wl,--start-group -lc -lm -Wl,--end-group
Finished building target: f446re_drivers.elf
 
arm-none-eabi-size  f446re_drivers.elf 
arm-none-eabi-objdump -h -S f446re_drivers.elf  > "f446re_drivers.list"
   text	   data	    bss	    dec	    hex	filename
   3300	      4	   1972	   5276	   149c	f446re_drivers.elf
Finished building: default.size.stdout
 
Finished building: f446re_drivers.list
 
